ARM Linker, 4.1 [Build 894] [Standard]

==============================================================================

Section Cross References

    main.o(i.main) refers to bsp.o(i.BSP_Init) for BSP_Init
    main.o(i.main) refers to carcontrol.o(i.Run_GivenDistance) for Run_GivenDistance
    car.o(i.Car_Back) refers to car.o(i.Wheel_SetDirection) for Wheel_SetDirection
    car.o(i.Car_Back) refers to car.o(.bss) for .bss
    car.o(i.Car_GetRunDistance) refers to ffltui.o(.text) for __aeabi_ui2f
    car.o(i.Car_GetRunDistance) refers to car.o(.bss) for .bss
    car.o(i.Car_Go) refers to car.o(i.Wheel_SetDirection) for Wheel_SetDirection
    car.o(i.Car_Go) refers to car.o(.bss) for .bss
    car.o(i.Car_Init) refers to stm32f10x_rcc.o(i.RCC_APB2PeriphClockCmd) for RCC_APB2PeriphClockCmd
    car.o(i.Car_Init) refers to stm32f10x_gpio.o(i.GPIO_Init) for GPIO_Init
    car.o(i.Car_Init) refers to car.o(i.Parameter_Init) for Parameter_Init
    car.o(i.Car_Init) refers to car.o(i.Car_Go) for Car_Go
    car.o(i.Car_Init) refers to stm32f10x_rcc.o(i.RCC_APB1PeriphClockCmd) for RCC_APB1PeriphClockCmd
    car.o(i.Car_Init) refers to stm32f10x_tim.o(i.TIM_TimeBaseInit) for TIM_TimeBaseInit
    car.o(i.Car_Init) refers to stm32f10x_tim.o(i.TIM_ITConfig) for TIM_ITConfig
    car.o(i.Car_Init) refers to misc.o(i.NVIC_Init) for NVIC_Init
    car.o(i.Car_Init) refers to stm32f10x_tim.o(i.TIM_Cmd) for TIM_Cmd
    car.o(i.Car_Left) refers to car.o(i.Wheel_SpeedDec) for Wheel_SpeedDec
    car.o(i.Car_Left) refers to car.o(i.Wheel_SetDirection) for Wheel_SetDirection
    car.o(i.Car_Left) refers to car.o(i.Wheel_SpeedInc) for Wheel_SpeedInc
    car.o(i.Car_Left) refers to car.o(.bss) for .bss
    car.o(i.Car_Move) refers to car.o(i.Wheel_PWMEmulate) for Wheel_PWMEmulate
    car.o(i.Car_Move) refers to car.o(.data) for .data
    car.o(i.Car_Move) refers to car.o(.bss) for .bss
    car.o(i.Car_Right) refers to car.o(i.Wheel_SetDirection) for Wheel_SetDirection
    car.o(i.Car_Right) refers to car.o(i.Wheel_SpeedInc) for Wheel_SpeedInc
    car.o(i.Car_Right) refers to car.o(.bss) for .bss
    car.o(i.Car_Stop) refers to car.o(.bss) for .bss
    car.o(i.Parameter_Init) refers to car.o(i.Wheel_ParameterInit) for Wheel_ParameterInit
    car.o(i.Parameter_Init) refers to ffltui.o(.text) for __aeabi_ui2f
    car.o(i.Parameter_Init) refers to pid.o(i.PID_ParameterInit) for PID_ParameterInit
    car.o(i.Parameter_Init) refers to car.o(.bss) for .bss
    car.o(i.TIM3_IRQHandler) refers to stm32f10x_tim.o(i.TIM_GetITStatus) for TIM_GetITStatus
    car.o(i.TIM3_IRQHandler) refers to stm32f10x_tim.o(i.TIM_ClearITPendingBit) for TIM_ClearITPendingBit
    car.o(i.TIM3_IRQHandler) refers to car.o(i.Wheel_Hall_IO_Check) for Wheel_Hall_IO_Check
    car.o(i.TIM3_IRQHandler) refers to car.o(i.Wheel_Hall_CaculateSpeed) for Wheel_Hall_CaculateSpeed
    car.o(i.TIM3_IRQHandler) refers to printf1.o(i.__0printf$1) for __2printf
    car.o(i.TIM3_IRQHandler) refers to car.o(i.Car_Move) for Car_Move
    car.o(i.TIM3_IRQHandler) refers to car.o(.data) for .data
    car.o(i.TIM3_IRQHandler) refers to car.o(.bss) for .bss
    car.o(i.Wheel_Hall_CaculateSpeed) refers to printf1.o(i.__0printf$1) for __2printf
    car.o(i.Wheel_Hall_IO_Check) refers to stm32f10x_gpio.o(i.GPIO_ReadInputDataBit) for GPIO_ReadInputDataBit
    car.o(i.Wheel_PWMEmulate) refers to stm32f10x_gpio.o(i.GPIO_ResetBits) for GPIO_ResetBits
    car.o(i.Wheel_PWMEmulate) refers to stm32f10x_gpio.o(i.GPIO_SetBits) for GPIO_SetBits
    car.o(i.Wheel_SetDirection) refers to stm32f10x_gpio.o(i.GPIO_ResetBits) for GPIO_ResetBits
    car.o(i.Wheel_SetDirection) refers to stm32f10x_gpio.o(i.GPIO_SetBits) for GPIO_SetBits
    bsp.o(i.BSP_Init) refers to bsp.o(i.RCC_Configuration) for RCC_Configuration
    bsp.o(i.BSP_Init) refers to systick.o(i.SysTick_Init) for SysTick_Init
    bsp.o(i.BSP_Init) refers to usart.o(i.USART1_Config) for USART1_Config
    bsp.o(i.BSP_Init) refers to car.o(i.Car_Init) for Car_Init
    bsp.o(i.RCC_Configuration) refers to stm32f10x_rcc.o(i.RCC_DeInit) for RCC_DeInit
    bsp.o(i.RCC_Configuration) refers to stm32f10x_rcc.o(i.RCC_HSEConfig) for RCC_HSEConfig
    bsp.o(i.RCC_Configuration) refers to stm32f10x_rcc.o(i.RCC_WaitForHSEStartUp) for RCC_WaitForHSEStartUp
    bsp.o(i.RCC_Configuration) refers to stm32f10x_rcc.o(i.RCC_HCLKConfig) for RCC_HCLKConfig
    bsp.o(i.RCC_Configuration) refers to stm32f10x_rcc.o(i.RCC_PCLK2Config) for RCC_PCLK2Config
    bsp.o(i.RCC_Configuration) refers to stm32f10x_rcc.o(i.RCC_PCLK1Config) for RCC_PCLK1Config
    bsp.o(i.RCC_Configuration) refers to stm32f10x_flash.o(i.FLASH_SetLatency) for FLASH_SetLatency
    bsp.o(i.RCC_Configuration) refers to stm32f10x_flash.o(i.FLASH_PrefetchBufferCmd) for FLASH_PrefetchBufferCmd
    bsp.o(i.RCC_Configuration) refers to stm32f10x_rcc.o(i.RCC_PLLConfig) for RCC_PLLConfig
    bsp.o(i.RCC_Configuration) refers to stm32f10x_rcc.o(i.RCC_PLLCmd) for RCC_PLLCmd
[...]
    printf4.o(i.__0fprintf$4) refers to printf4.o(i._printf_core) for _printf_core
    printf4.o(i.__0fprintf$4) refers to usart.o(i.fputc) for fputc
    printf4.o(i.__0printf$4) refers to printf4.o(i._printf_core) for _printf_core
    printf4.o(i.__0printf$4) refers to usart.o(i.fputc) for fputc
    printf4.o(i.__0printf$4) refers to stdout.o(.data) for __stdout
    printf4.o(i.__0snprintf$4) refers to printf4.o(i._printf_core) for _printf_core
    printf4.o(i.__0snprintf$4) refers to printf4.o(i._snputc) for _snputc
    printf4.o(i.__0sprintf$4) refers to printf4.o(i._printf_core) for _printf_core
    printf4.o(i.__0sprintf$4) refers to printf4.o(i._sputc) for _sputc
    printf4.o(i.__0vfprintf$4) refers to printf4.o(i._printf_core) for _printf_core
    printf4.o(i.__0vfprintf$4) refers to usart.o(i.fputc) for fputc
    printf4.o(i.__0vprintf$4) refers to printf4.o(i._printf_core) for _printf_core
    printf4.o(i.__0vprintf$4) refers to usart.o(i.fputc) for fputc
    printf4.o(i.__0vprintf$4) refers to stdout.o(.data) for __stdout
    printf4.o(i.__0vsnprintf$4) refers to printf4.o(i._printf_core) for _printf_core
    printf4.o(i.__0vsnprintf$4) refers to printf4.o(i._snputc) for _snputc
    printf4.o(i.__0vsprintf$4) refers to printf4.o(i._printf_core) for _printf_core
    printf4.o(i.__0vsprintf$4) refers to printf4.o(i._sputc) for _sputc
    printf4.o(i._printf_core) refers to uldiv.o(.text) for __aeabi_uldivmod
    printf5.o(i.__0fprintf$5) refers to printf5.o(i._printf_core) for _printf_core
    printf5.o(i.__0fprintf$5) refers to usart.o(i.fputc) for fputc
    printf5.o(i.__0printf$5) refers to printf5.o(i._printf_core) for _printf_core
    printf5.o(i.__0printf$5) refers to usart.o(i.fputc) for fputc
    printf5.o(i.__0printf$5) refers to stdout.o(.data) for __stdout
    printf5.o(i.__0snprintf$5) refers to printf5.o(i._printf_core) for _printf_core
    printf5.o(i.__0snprintf$5) refers to printf5.o(i._snputc) for _snputc
    printf5.o(i.__0sprintf$5) refers to printf5.o(i._printf_core) for _printf_core
    printf5.o(i.__0sprintf$5) refers to printf5.o(i._sputc) for _sputc
    printf5.o(i.__0vfprintf$5) refers to printf5.o(i._printf_core) for _printf_core
    printf5.o(i.__0vfprintf$5) refers to usart.o(i.fputc) for fputc
    printf5.o(i.__0vprintf$5) refers to printf5.o(i._printf_core) for _printf_core
    printf5.o(i.__0vprintf$5) refers to usart.o(i.fputc) for fputc
    printf5.o(i.__0vprintf$5) refers to stdout.o(.data) for __stdout
    printf5.o(i.__0vsnprintf$5) refers to printf5.o(i._printf_core) for _printf_core
    printf5.o(i.__0vsnprintf$5) refers to printf5.o(i._snputc) for _snputc
    printf5.o(i.__0vsprintf$5) refers to printf5.o(i._printf_core) for _printf_core
    printf5.o(i.__0vsprintf$5) refers to printf5.o(i._sputc) for _sputc
    printf5.o(i._printf_core) refers to uldiv.o(.text) for __aeabi_uldivmod
    printf6.o(i.__0fprintf$6) refers to printf6.o(i._printf_core) for _printf_core
    printf6.o(i.__0fprintf$6) refers to usart.o(i.fputc) for fputc
    printf6.o(i.__0printf$6) refers to printf6.o(i._printf_core) for _printf_core
    printf6.o(i.__0printf$6) refers to usart.o(i.fputc) for fputc
    printf6.o(i.__0printf$6) refers to stdout.o(.data) for __stdout
    printf6.o(i.__0snprintf$6) refers to printf6.o(i._printf_core) for _printf_core
    printf6.o(i.__0snprintf$6) refers to printf6.o(i._snputc) for _snputc
    printf6.o(i.__0sprintf$6) refers to printf6.o(i._printf_core) for _printf_core
    printf6.o(i.__0sprintf$6) refers to printf6.o(i._sputc) for _sputc
    printf6.o(i.__0vfprintf$6) refers to printf6.o(i._printf_core) for _printf_core
    printf6.o(i.__0vfprintf$6) refers to usart.o(i.fputc) for fputc
    printf6.o(i.__0vprintf$6) refers to printf6.o(i._printf_core) for _printf_core
    printf6.o(i.__0vprintf$6) refers to usart.o(i.fputc) for fputc
    printf6.o(i.__0vprintf$6) refers to stdout.o(.data) for __stdout
    printf6.o(i.__0vsnprintf$6) refers to printf6.o(i._printf_core) for _printf_core
    printf6.o(i.__0vsnprintf$6) refers to printf6.o(i._snputc) for _snputc
    printf6.o(i.__0vsprintf$6) refers to printf6.o(i._printf_core) for _printf_core
    printf6.o(i.__0vsprintf$6) refers to printf6.o(i._sputc) for _sputc
    printf6.o(i._printf_core) refers to printf6.o(i._printf_pre_padding) for _printf_pre_padding
    printf6.o(i._printf_core) refers to uidiv.o(.text) for __aeabi_uidivmod
    printf6.o(i._printf_core) refers to printf6.o(i._printf_post_padding) for _printf_post_padding
    printf7.o(i.__0fprintf$7) refers to printf7.o(i._printf_core) for _printf_core
    printf7.o(i.__0fprintf$7) refers to usart.o(i.fputc) for fputc
    printf7.o(i.__0printf$7) refers to printf7.o(i._printf_core) for _printf_core
    printf7.o(i.__0printf$7) refers to usart.o(i.fputc) for fputc
    printf7.o(i.__0printf$7) refers to stdout.o(.data) for __stdout
    printf7.o(i.__0snprintf$7) refers to printf7.o(i._printf_core) for _printf_core
    printf7.o(i.__0snprintf$7) refers to printf7.o(i._snputc) for _snputc
    printf7.o(i.__0sprintf$7) refers to printf7.o(i._printf_core) for _printf_core
    printf7.o(i.__0sprintf$7) refers to printf7.o(i._sputc) for _sputc
    printf7.o(i.__0vfprintf$7) refers to printf7.o(i._printf_core) for _printf_core
    printf7.o(i.__0vfprintf$7) refers to usart.o(i.fputc) for fputc
    printf7.o(i.__0vprintf$7) refers to printf7.o(i._printf_core) for _printf_core
    printf7.o(i.__0vprintf$7) refers to usart.o(i.fputc) for fputc
    printf7.o(i.__0vprintf$7) refers to stdout.o(.data) for __stdout
    printf7.o(i.__0vsnprintf$7) refers to printf7.o(i._printf_core) for _printf_core
    printf7.o(i.__0vsnprintf$7) refers to printf7.o(i._snputc) for _snputc
    printf7.o(i.__0vsprintf$7) refers to printf7.o(i._printf_core) for _printf_core
    printf7.o(i.__0vsprintf$7) refers to printf7.o(i._sputc) for _sputc
    printf7.o(i._printf_core) refers to printf7.o(i._printf_pre_padding) for _printf_pre_padding
    printf7.o(i._printf_core) refers to uldiv.o(.text) for __aeabi_uldivmod
    printf7.o(i._printf_core) refers to printf7.o(i._printf_post_padding) for _printf_post_padding
    printf8.o(i.__0fprintf$8) refers to printf8.o(i._printf_core) for _printf_core
    printf8.o(i.__0fprintf$8) refers to usart.o(i.fputc) for fputc
    printf8.o(i.__0printf$8) refers to printf8.o(i._printf_core) for _printf_core
    printf8.o(i.__0printf$8) refers to usart.o(i.fputc) for fputc
    printf8.o(i.__0printf$8) refers to stdout.o(.data) for __stdout
    printf8.o(i.__0snprintf$8) refers to printf8.o(i._printf_core) for _printf_core
    printf8.o(i.__0snprintf$8) refers to printf8.o(i._snputc) for _snputc
    printf8.o(i.__0sprintf$8) refers to printf8.o(i._printf_core) for _printf_core
    printf8.o(i.__0sprintf$8) refers to printf8.o(i._sputc) for _sputc
    printf8.o(i.__0vfprintf$8) refers to printf8.o(i._printf_core) for _printf_core
    printf8.o(i.__0vfprintf$8) refers to usart.o(i.fputc) for fputc
    printf8.o(i.__0vprintf$8) refers to printf8.o(i._printf_core) for _printf_core
    printf8.o(i.__0vprintf$8) refers to usart.o(i.fputc) for fputc
    printf8.o(i.__0vprintf$8) refers to stdout.o(.data) for __stdout
    printf8.o(i.__0vsnprintf$8) refers to printf8.o(i._printf_core) for _printf_core
    printf8.o(i.__0vsnprintf$8) refers to printf8.o(i._snputc) for _snputc
    printf8.o(i.__0vsprintf$8) refers to printf8.o(i._printf_core) for _printf_core
    printf8.o(i.__0vsprintf$8) refers to printf8.o(i._sputc) for _sputc
    printf8.o(i._printf_core) refers to printf8.o(i._printf_pre_padding) for _printf_pre_padding
    printf8.o(i._printf_core) refers to uldiv.o(.text) for __aeabi_uldivmod
    printf8.o(i._printf_core) refers to printf8.o(i._printf_post_padding) for _printf_post_padding
    printfa.o(i.__0fprintf) refers (Special) to iusefp.o(.text) for __I$use$fp
    printfa.o(i.__0fprintf) refers to printfa.o(i._printf_core) for _printf_core
    printfa.o(i.__0fprintf) refers to usart.o(i.fputc) for fputc
    printfa.o(i.__0printf) refers (Special) to iusefp.o(.text) for __I$use$fp
    printfa.o(i.__0printf) refers to printfa.o(i._printf_core) for _printf_core
    printfa.o(i.__0printf) refers to usart.o(i.fputc) for fputc
    printfa.o(i.__0printf) refers to stdout.o(.data) for __stdout
    printfa.o(i.__0snprintf) refers (Special) to iusefp.o(.text) for __I$use$fp
    printfa.o(i.__0snprintf) refers to printfa.o(i._printf_core) for _printf_core
    printfa.o(i.__0snprintf) refers to printfa.o(i._snputc) for _snputc
    printfa.o(i.__0sprintf) refers (Special) to iusefp.o(.text) for __I$use$fp
    printfa.o(i.__0sprintf) refers to printfa.o(i._printf_core) for _printf_core
    printfa.o(i.__0sprintf) refers to printfa.o(i._sputc) for _sputc
    printfa.o(i.__0vfprintf) refers (Special) to iusefp.o(.text) for __I$use$fp
    printfa.o(i.__0vfprintf) refers to printfa.o(i._printf_core) for _printf_core
    printfa.o(i.__0vfprintf) refers to usart.o(i.fputc) for fputc
    printfa.o(i.__0vprintf) refers (Special) to iusefp.o(.text) for __I$use$fp
    printfa.o(i.__0vprintf) refers to printfa.o(i._printf_core) for _printf_core
    printfa.o(i.__0vprintf) refers to usart.o(i.fputc) for fputc
    printfa.o(i.__0vprintf) refers to stdout.o(.data) for __stdout
    printfa.o(i.__0vsnprintf) refers (Special) to iusefp.o(.text) for __I$use$fp
    printfa.o(i.__0vsnprintf) refers to printfa.o(i._printf_core) for _printf_core
    printfa.o(i.__0vsnprintf) refers to printfa.o(i._snputc) for _snputc
    printfa.o(i.__0vsprintf) refers (Special) to iusefp.o(.text) for __I$use$fp
    printfa.o(i.__0vsprintf) refers to printfa.o(i._printf_core) for _printf_core
    printfa.o(i.__0vsprintf) refers to printfa.o(i._sputc) for _sputc
    printfa.o(i._fp_digits) refers (Special) to iusefp.o(.text) for __I$use$fp
    printfa.o(i._fp_digits) refers to dmul.o(.text) for __aeabi_dmul
    printfa.o(i._fp_digits) refers to ddiv.o(.text) for __aeabi_ddiv
    printfa.o(i._fp_digits) refers to cdrcmple.o(.text) for __aeabi_cdrcmple
    printfa.o(i._fp_digits) refers to dadd.o(.text) for __aeabi_dadd
    printfa.o(i._fp_digits) refers to dfixul.o(.text) for __aeabi_d2ulz
    printfa.o(i._fp_digits) refers to uldiv.o(.text) for __aeabi_uldivmod
    printfa.o(i._printf_core) refers (Special) to iusefp.o(.text) for __I$use$fp
    printfa.o(i._printf_core) refers to printfa.o(i._printf_pre_padding) for _printf_pre_padding
    printfa.o(i._printf_core) refers to uldiv.o(.text) for __aeabi_uldivmod
    printfa.o(i._printf_core) refers to printfa.o(i._printf_post_padding) for _printf_post_padding
    printfa.o(i._printf_core) refers to printfa.o(i._fp_digits) for _fp_digits
    printfa.o(i._printf_core) refers to uidiv.o(.text) for __aeabi_uidivmod
    printfa.o(i._printf_post_padding) refers (Special) to iusefp.o(.text) for __I$use$fp
    printfa.o(i._printf_pre_padding) refers (Special) to iusefp.o(.text) for __I$use$fp
    printfa.o(i._snputc) refers (Special) to iusefp.o(.text) for __I$use$fp
    printfa.o(i._sputc) refers (Special) to iusefp.o(.text) for __I$use$fp
    fadd.o(.text) refers (Special) to iusefp.o(.text) for __I$use$fp
    fadd.o(.text) refers to fepilogue.o(.text) for _float_epilogue
    fmul.o(.text) refers (Special) to iusefp.o(.text) for __I$use$fp
    fscalb.o(.text) refers (Special) to iusefp.o(.text) for __I$use$fp
    ffltui.o(.text) refers (Special) to iusefp.o(.text) for __I$use$fp
    ffltui.o(.text) refers to fepilogue.o(.text) for _float_epilogue
    entry2.o(.ARM.Collect$$$$00000001) refers to entry2.o(.ARM.Collect$$$$00002712) for __lit__00000000
    entry2.o(.ARM.Collect$$$$00002712) refers to startup_stm32f10x_hd.o(STACK) for __initial_sp
    entry2.o(__vectab_stack_and_reset_area) refers to startup_stm32f10x_hd.o(STACK) for __initial_sp
    entry2.o(__vectab_stack_and_reset_area) refers to entry.o(.ARM.Collect$$$$00000000) for __main
    entry5.o(.ARM.Collect$$$$00000004) refers to init.o(.text) for __scatterload
    entry8.o(.ARM.Collect$$$$00000009) refers to main.o(i.main) for main
    uldiv.o(.text) refers to llushr.o(.text) for __aeabi_llsr
    uldiv.o(.text) refers to llshl.o(.text) for __aeabi_llsl
    dadd.o(.text) refers to llshl.o(.text) for __aeabi_llsl
    dadd.o(.text) refers to llsshr.o(.text) for __aeabi_lasr
    dadd.o(.text) refers to depilogue.o(.text) for _double_epilogue
    dmul.o(.text) refers to depilogue.o(.text) for _double_epilogue
    ddiv.o(.text) refers to depilogue.o(.text) for _double_round
    dfixul.o(.text) refers to llushr.o(.text) for __aeabi_llsr
    dfixul.o(.text) refers to llshl.o(.text) for __aeabi_llsl
    init.o(.text) refers to entry5.o(.ARM.Collect$$$$00000004) for __main_after_scatterload
    depilogue.o(.text) refers to llshl.o(.text) for __aeabi_llsl
    depilogue.o(.text) refers to llushr.o(.text) for __aeabi_llsr


==============================================================================

Removing Unused input sections from the image.

    Removing car.o(i.Car_Back), (48 bytes).
    Removing car.o(i.Car_Left), (76 bytes).
    Removing car.o(i.Car_Right), (60 bytes).
    Removing car.o(i.Wheel_SetDuty), (4 bytes).
    Removing car.o(i.Wheel_SpeedDec), (14 bytes).
    Removing car.o(i.Wheel_SpeedInc), (14 bytes).
    Removing systick.o(i.delay1us), (40 bytes).
    Removing carcontrol.o(i.Run_AlongRect), (128 bytes).
    Removing pid.o(i.PID_SpeedAjust), (116 bytes).
    Removing usart.o(i.Sys_Soft_Reset), (16 bytes).
    Removing usart.o(i.USART1_NVIC_Configuration), (32 bytes).
    Removing usart.o(i.USART1_printf), (256 bytes).
    Removing usart.o(i.USART2_Config), (148 bytes).
    Removing usart.o(i.USART2_NVIC_Configuration), (40 bytes).
    Removing misc.o(i.NVIC_PriorityGroupConfig), (20 bytes).
    Removing misc.o(i.NVIC_SetVectorTable), (20 bytes).
    Removing misc.o(i.NVIC_SystemLPConfig), (24 bytes).
    Removing misc.o(i.SysTick_CLKSourceConfig), (24 bytes).
    Removing stm32f10x_adc.o(i.ADC_AnalogWatchdogCmd), (16 bytes).
    Removing stm32f10x_adc.o(i.ADC_AnalogWatchdogSingleChannelConfig), (12 bytes).
    Removing stm32f10x_adc.o(i.ADC_AnalogWatchdogThresholdsConfig), (6 bytes).
    Removing stm32f10x_adc.o(i.ADC_AutoInjectedConvCmd), (20 bytes).
    Removing stm32f10x_adc.o(i.ADC_ClearFlag), (6 bytes).
    Removing stm32f10x_adc.o(i.ADC_ClearITPendingBit), (8 bytes).
    Removing stm32f10x_adc.o(i.ADC_Cmd), (20 bytes).
    Removing stm32f10x_adc.o(i.ADC_DMACmd), (20 bytes).
    Removing stm32f10x_adc.o(i.ADC_DeInit), (68 bytes).
    Removing stm32f10x_adc.o(i.ADC_DiscModeChannelCountConfig), (16 bytes).
    Removing stm32f10x_adc.o(i.ADC_DiscModeCmd), (20 bytes).
    Removing stm32f10x_adc.o(i.ADC_ExternalTrigConvCmd), (20 bytes).
    Removing stm32f10x_adc.o(i.ADC_ExternalTrigInjectedConvCmd), (20 bytes).
    Removing stm32f10x_adc.o(i.ADC_ExternalTrigInjectedConvConfig), (12 bytes).
    Removing stm32f10x_adc.o(i.ADC_GetCalibrationStatus), (14 bytes).
    Removing stm32f10x_adc.o(i.ADC_GetConversionValue), (6 bytes).
    Removing stm32f10x_adc.o(i.ADC_GetDualModeConversionValue), (12 bytes).
    Removing stm32f10x_adc.o(i.ADC_GetFlagStatus), (14 bytes).
    Removing stm32f10x_adc.o(i.ADC_GetITStatus), (26 bytes).
    Removing stm32f10x_adc.o(i.ADC_GetInjectedConversionValue), (8 bytes).
    Removing stm32f10x_adc.o(i.ADC_GetResetCalibrationStatus), (14 bytes).
    Removing stm32f10x_adc.o(i.ADC_GetSoftwareStartConvStatus), (14 bytes).
    Removing stm32f10x_adc.o(i.ADC_GetSoftwareStartInjectedConvCmdStatus), (14 bytes).
    Removing stm32f10x_adc.o(i.ADC_ITConfig), (18 bytes).
    Removing stm32f10x_adc.o(i.ADC_Init), (72 bytes).
    Removing stm32f10x_adc.o(i.ADC_InjectedChannelConfig), (74 bytes).
    Removing stm32f10x_adc.o(i.ADC_InjectedDiscModeCmd), (20 bytes).
    Removing stm32f10x_adc.o(i.ADC_InjectedSequencerLengthConfig), (16 bytes).
    Removing stm32f10x_adc.o(i.ADC_RegularChannelConfig), (116 bytes).
    Removing stm32f10x_adc.o(i.ADC_ResetCalibration), (10 bytes).
    Removing stm32f10x_adc.o(i.ADC_SetInjectedOffset), (4 bytes).
    Removing stm32f10x_adc.o(i.ADC_SoftwareStartConvCmd), (20 bytes).
    Removing stm32f10x_adc.o(i.ADC_SoftwareStartInjectedConvCmd), (20 bytes).
    Removing stm32f10x_adc.o(i.ADC_StartCalibration), (10 bytes).
    Removing stm32f10x_adc.o(i.ADC_StructInit), (18 bytes).
    Removing stm32f10x_adc.o(i.ADC_TempSensorVrefintCmd), (28 bytes).
    Removing stm32f10x_bkp.o(i.BKP_ClearFlag), (16 bytes).
    Removing stm32f10x_bkp.o(i.BKP_ClearITPendingBit), (16 bytes).
    Removing stm32f10x_bkp.o(i.BKP_DeInit), (18 bytes).
    Removing stm32f10x_bkp.o(i.BKP_GetFlagStatus), (12 bytes).
    Removing stm32f10x_bkp.o(i.BKP_GetITStatus), (12 bytes).
    Removing stm32f10x_bkp.o(i.BKP_ITConfig), (12 bytes).
    Removing stm32f10x_bkp.o(i.BKP_RTCOutputConfig), (20 bytes).
    Removing stm32f10x_bkp.o(i.BKP_ReadBackupRegister), (12 bytes).
    Removing stm32f10x_bkp.o(i.BKP_SetRTCCalibrationValue), (20 bytes).
    Removing stm32f10x_bkp.o(i.BKP_TamperPinCmd), (12 bytes).
    Removing stm32f10x_bkp.o(i.BKP_TamperPinLevelConfig), (12 bytes).
    Removing stm32f10x_bkp.o(i.BKP_WriteBackupRegister), (12 bytes).
    Removing stm32f10x_can.o(i.CAN_CancelTransmit), (36 bytes).
    Removing stm32f10x_can.o(i.CAN_ClearFlag), (48 bytes).
    Removing stm32f10x_can.o(i.CAN_ClearITPendingBit), (120 bytes).
    Removing stm32f10x_can.o(i.CAN_DBGFreeze), (20 bytes).
    Removing stm32f10x_can.o(i.CAN_DeInit), (44 bytes).
    Removing stm32f10x_can.o(i.CAN_FIFORelease), (22 bytes).
    Removing stm32f10x_can.o(i.CAN_FilterInit), (196 bytes).
    Removing stm32f10x_can.o(i.CAN_GetFlagStatus), (52 bytes).
    Removing stm32f10x_can.o(i.CAN_GetITStatus), (180 bytes).
    Removing stm32f10x_can.o(i.CAN_GetLSBTransmitErrorCounter), (8 bytes).
    Removing stm32f10x_can.o(i.CAN_GetLastErrorCode), (10 bytes).
    Removing stm32f10x_can.o(i.CAN_GetReceiveErrorCounter), (6 bytes).
    Removing stm32f10x_can.o(i.CAN_ITConfig), (16 bytes).
    Removing stm32f10x_can.o(i.CAN_Init), (232 bytes).
    Removing stm32f10x_can.o(i.CAN_MessagePending), (22 bytes).
    Removing stm32f10x_can.o(i.CAN_OperatingModeRequest), (140 bytes).
    Removing stm32f10x_can.o(i.CAN_Receive), (140 bytes).
    Removing stm32f10x_can.o(i.CAN_SlaveStartBank), (44 bytes).
    Removing stm32f10x_can.o(i.CAN_Sleep), (30 bytes).
    Removing stm32f10x_can.o(i.CAN_StructInit), (32 bytes).
    Removing stm32f10x_can.o(i.CAN_TTComModeCmd), (90 bytes).
    Removing stm32f10x_can.o(i.CAN_Transmit), (154 bytes).
    Removing stm32f10x_can.o(i.CAN_TransmitStatus), (112 bytes).
    Removing stm32f10x_can.o(i.CAN_WakeUp), (42 bytes).
    Removing stm32f10x_can.o(i.CheckITStatus), (12 bytes).
    Removing stm32f10x_cec.o(i.CEC_ClearFlag), (32 bytes).
    Removing stm32f10x_cec.o(i.CEC_ClearITPendingBit), (32 bytes).
    Removing stm32f10x_cec.o(i.CEC_Cmd), (28 bytes).
    Removing stm32f10x_cec.o(i.CEC_DeInit), (24 bytes).
    Removing stm32f10x_cec.o(i.CEC_EndOfMessageCmd), (12 bytes).
    Removing stm32f10x_cec.o(i.CEC_GetFlagStatus), (36 bytes).
    Removing stm32f10x_cec.o(i.CEC_GetITStatus), (36 bytes).
    Removing stm32f10x_cec.o(i.CEC_ITConfig), (12 bytes).
    Removing stm32f10x_cec.o(i.CEC_Init), (24 bytes).
    Removing stm32f10x_cec.o(i.CEC_OwnAddressConfig), (12 bytes).
    Removing stm32f10x_cec.o(i.CEC_ReceiveDataByte), (12 bytes).
    Removing stm32f10x_cec.o(i.CEC_SendDataByte), (12 bytes).
    Removing stm32f10x_cec.o(i.CEC_SetPrescaler), (12 bytes).
    Removing stm32f10x_cec.o(i.CEC_StartOfMessage), (12 bytes).
    Removing stm32f10x_crc.o(i.CRC_CalcBlockCRC), (28 bytes).
    Removing stm32f10x_crc.o(i.CRC_CalcCRC), (12 bytes).
    Removing stm32f10x_crc.o(i.CRC_GetCRC), (12 bytes).
    Removing stm32f10x_crc.o(i.CRC_GetIDRegister), (12 bytes).
    Removing stm32f10x_crc.o(i.CRC_ResetDR), (12 bytes).
    Removing stm32f10x_crc.o(i.CRC_SetIDRegister), (12 bytes).
    Removing stm32f10x_dac.o(i.DAC_Cmd), (24 bytes).
    Removing stm32f10x_dac.o(i.DAC_DMACmd), (24 bytes).
    Removing stm32f10x_dac.o(i.DAC_DeInit), (24 bytes).
    Removing stm32f10x_dac.o(i.DAC_DualSoftwareTriggerCmd), (28 bytes).
    Removing stm32f10x_dac.o(i.DAC_GetDataOutputValue), (16 bytes).
    Removing stm32f10x_dac.o(i.DAC_Init), (40 bytes).
    Removing stm32f10x_dac.o(i.DAC_SetChannel1Data), (12 bytes).
    Removing stm32f10x_dac.o(i.DAC_SetChannel2Data), (12 bytes).
    Removing stm32f10x_dac.o(i.DAC_SetDualChannelData), (28 bytes).
    Removing stm32f10x_dac.o(i.DAC_SoftwareTriggerCmd), (28 bytes).
    Removing stm32f10x_dac.o(i.DAC_StructInit), (12 bytes).
    Removing stm32f10x_dac.o(i.DAC_WaveGenerationCmd), (24 bytes).
    Removing stm32f10x_dbgmcu.o(i.DBGMCU_Config), (24 bytes).
    Removing stm32f10x_dbgmcu.o(i.DBGMCU_GetDEVID), (16 bytes).
    Removing stm32f10x_dbgmcu.o(i.DBGMCU_GetREVID), (12 bytes).
    Removing stm32f10x_dma.o(i.DMA_ClearFlag), (24 bytes).
    Removing stm32f10x_dma.o(i.DMA_ClearITPendingBit), (24 bytes).
    Removing stm32f10x_dma.o(i.DMA_Cmd), (22 bytes).
    Removing stm32f10x_dma.o(i.DMA_DeInit), (228 bytes).
    Removing stm32f10x_dma.o(i.DMA_GetCurrDataCounter), (6 bytes).
    Removing stm32f10x_dma.o(i.DMA_GetFlagStatus), (32 bytes).
    Removing stm32f10x_dma.o(i.DMA_GetITStatus), (32 bytes).
    Removing stm32f10x_dma.o(i.DMA_ITConfig), (16 bytes).
    Removing stm32f10x_dma.o(i.DMA_Init), (58 bytes).
    Removing stm32f10x_dma.o(i.DMA_SetCurrDataCounter), (4 bytes).
    Removing stm32f10x_dma.o(i.DMA_StructInit), (26 bytes).
    Removing stm32f10x_exti.o(i.EXTI_ClearFlag), (12 bytes).
    Removing stm32f10x_exti.o(i.EXTI_ClearITPendingBit), (12 bytes).
    Removing stm32f10x_exti.o(i.EXTI_DeInit), (36 bytes).
    Removing stm32f10x_exti.o(i.EXTI_GenerateSWInterrupt), (16 bytes).
    Removing stm32f10x_exti.o(i.EXTI_GetFlagStatus), (20 bytes).
    Removing stm32f10x_exti.o(i.EXTI_GetITStatus), (32 bytes).
    Removing stm32f10x_exti.o(i.EXTI_Init), (112 bytes).
    Removing stm32f10x_exti.o(i.EXTI_StructInit), (14 bytes).
    Removing stm32f10x_flash.o(i.FLASH_ClearFlag), (12 bytes).
    Removing stm32f10x_flash.o(i.FLASH_EnableWriteProtection), (172 bytes).
    Removing stm32f10x_flash.o(i.FLASH_EraseAllBank1Pages), (56 bytes).
    Removing stm32f10x_flash.o(i.FLASH_EraseAllPages), (56 bytes).
    Removing stm32f10x_flash.o(i.FLASH_EraseOptionBytes), (124 bytes).
    Removing stm32f10x_flash.o(i.FLASH_ErasePage), (60 bytes).
    Removing stm32f10x_flash.o(i.FLASH_GetBank1Status), (40 bytes).
    Removing stm32f10x_flash.o(i.FLASH_GetFlagStatus), (32 bytes).
    Removing stm32f10x_flash.o(i.FLASH_GetPrefetchBufferStatus), (20 bytes).
    Removing stm32f10x_flash.o(i.FLASH_GetReadOutProtectionStatus), (20 bytes).
    Removing stm32f10x_flash.o(i.FLASH_GetStatus), (40 bytes).
    Removing stm32f10x_flash.o(i.FLASH_GetUserOptionByte), (12 bytes).
    Removing stm32f10x_flash.o(i.FLASH_GetWriteProtectionOptionByte), (12 bytes).
    Removing stm32f10x_flash.o(i.FLASH_HalfCycleAccessCmd), (24 bytes).
    Removing stm32f10x_flash.o(i.FLASH_ITConfig), (24 bytes).
    Removing stm32f10x_flash.o(i.FLASH_Lock), (16 bytes).
    Removing stm32f10x_flash.o(i.FLASH_LockBank1), (16 bytes).
    Removing stm32f10x_flash.o(i.FLASH_ProgramHalfWord), (52 bytes).
    Removing stm32f10x_flash.o(i.FLASH_ProgramOptionByteData), (76 bytes).
    Removing stm32f10x_flash.o(i.FLASH_ProgramWord), (72 bytes).
    Removing stm32f10x_flash.o(i.FLASH_ReadOutProtection), (136 bytes).
    Removing stm32f10x_flash.o(i.FLASH_Unlock), (24 bytes).
    Removing stm32f10x_flash.o(i.FLASH_UnlockBank1), (24 bytes).
    Removing stm32f10x_flash.o(i.FLASH_UserOptionByteConfig), (96 bytes).
    Removing stm32f10x_flash.o(i.FLASH_WaitForLastBank1Operation), (36 bytes).
    Removing stm32f10x_flash.o(i.FLASH_WaitForLastOperation), (36 bytes).
    Removing stm32f10x_fsmc.o(i.FSMC_ClearFlag), (42 bytes).
    Removing stm32f10x_fsmc.o(i.FSMC_ClearITPendingBit), (44 bytes).
    Removing stm32f10x_fsmc.o(i.FSMC_GetECC), (18 bytes).
    Removing stm32f10x_fsmc.o(i.FSMC_GetFlagStatus), (40 bytes).
    Removing stm32f10x_fsmc.o(i.FSMC_GetITStatus), (48 bytes).
    Removing stm32f10x_fsmc.o(i.FSMC_ITConfig), (80 bytes).
    Removing stm32f10x_fsmc.o(i.FSMC_NANDCmd), (56 bytes).
    Removing stm32f10x_fsmc.o(i.FSMC_NANDDeInit), (40 bytes).
    Removing stm32f10x_fsmc.o(i.FSMC_NANDECCCmd), (56 bytes).
    Removing stm32f10x_fsmc.o(i.FSMC_NANDInit), (104 bytes).
    Removing stm32f10x_fsmc.o(i.FSMC_NANDStructInit), (54 bytes).
    Removing stm32f10x_fsmc.o(i.FSMC_NORSRAMCmd), (32 bytes).
    Removing stm32f10x_fsmc.o(i.FSMC_NORSRAMDeInit), (36 bytes).
    Removing stm32f10x_fsmc.o(i.FSMC_NORSRAMInit), (192 bytes).
    Removing stm32f10x_fsmc.o(i.FSMC_NORSRAMStructInit), (98 bytes).
    Removing stm32f10x_fsmc.o(i.FSMC_PCCARDCmd), (32 bytes).
    Removing stm32f10x_fsmc.o(i.FSMC_PCCARDDeInit), (28 bytes).
    Removing stm32f10x_fsmc.o(i.FSMC_PCCARDInit), (116 bytes).
    Removing stm32f10x_fsmc.o(i.FSMC_PCCARDStructInit), (60 bytes).
    Removing stm32f10x_gpio.o(i.GPIO_AFIODeInit), (22 bytes).
    Removing stm32f10x_gpio.o(i.GPIO_DeInit), (180 bytes).
    Removing stm32f10x_gpio.o(i.GPIO_ETH_MediaInterfaceConfig), (12 bytes).
    Removing stm32f10x_gpio.o(i.GPIO_EXTILineConfig), (40 bytes).
    Removing stm32f10x_gpio.o(i.GPIO_EventOutputCmd), (12 bytes).
    Removing stm32f10x_gpio.o(i.GPIO_EventOutputConfig), (28 bytes).
    Removing stm32f10x_gpio.o(i.GPIO_PinLockConfig), (16 bytes).
    Removing stm32f10x_gpio.o(i.GPIO_PinRemapConfig), (88 bytes).
    Removing stm32f10x_gpio.o(i.GPIO_ReadInputData), (6 bytes).
    Removing stm32f10x_gpio.o(i.GPIO_ReadOutputData), (6 bytes).
    Removing stm32f10x_gpio.o(i.GPIO_ReadOutputDataBit), (14 bytes).
    Removing stm32f10x_gpio.o(i.GPIO_StructInit), (16 bytes).
    Removing stm32f10x_gpio.o(i.GPIO_Write), (4 bytes).
    Removing stm32f10x_gpio.o(i.GPIO_WriteBit), (10 bytes).
    Removing stm32f10x_i2c.o(i.I2C_ARPCmd), (20 bytes).
    Removing stm32f10x_i2c.o(i.I2C_AcknowledgeConfig), (20 bytes).
    Removing stm32f10x_i2c.o(i.I2C_CalculatePEC), (20 bytes).
    Removing stm32f10x_i2c.o(i.I2C_CheckEvent), (24 bytes).
    Removing stm32f10x_i2c.o(i.I2C_ClearFlag), (6 bytes).
    Removing stm32f10x_i2c.o(i.I2C_ClearITPendingBit), (6 bytes).
    Removing stm32f10x_i2c.o(i.I2C_Cmd), (20 bytes).
    Removing stm32f10x_i2c.o(i.I2C_DMACmd), (20 bytes).
    Removing stm32f10x_i2c.o(i.I2C_DMALastTransferCmd), (20 bytes).
    Removing stm32f10x_i2c.o(i.I2C_DeInit), (44 bytes).
    Removing stm32f10x_i2c.o(i.I2C_DualAddressCmd), (20 bytes).
    Removing stm32f10x_i2c.o(i.I2C_FastModeDutyCycleConfig), (22 bytes).
    Removing stm32f10x_i2c.o(i.I2C_GeneralCallCmd), (20 bytes).
    Removing stm32f10x_i2c.o(i.I2C_GenerateSTART), (20 bytes).
    Removing stm32f10x_i2c.o(i.I2C_GenerateSTOP), (20 bytes).
    Removing stm32f10x_i2c.o(i.I2C_GetFlagStatus), (30 bytes).
    Removing stm32f10x_i2c.o(i.I2C_GetITStatus), (32 bytes).
    Removing stm32f10x_i2c.o(i.I2C_GetLastEvent), (14 bytes).
    Removing stm32f10x_i2c.o(i.I2C_GetPEC), (6 bytes).
    Removing stm32f10x_i2c.o(i.I2C_ITConfig), (16 bytes).
    Removing stm32f10x_i2c.o(i.I2C_Init), (184 bytes).
    Removing stm32f10x_i2c.o(i.I2C_NACKPositionConfig), (22 bytes).
    Removing stm32f10x_i2c.o(i.I2C_OwnAddress2Config), (16 bytes).
    Removing stm32f10x_i2c.o(i.I2C_PECPositionConfig), (22 bytes).
    Removing stm32f10x_i2c.o(i.I2C_ReadRegister), (4 bytes).
    Removing stm32f10x_i2c.o(i.I2C_ReceiveData), (6 bytes).
    Removing stm32f10x_i2c.o(i.I2C_SMBusAlertConfig), (22 bytes).
    Removing stm32f10x_i2c.o(i.I2C_Send7bitAddress), (16 bytes).
    Removing stm32f10x_i2c.o(i.I2C_SendData), (4 bytes).
    Removing stm32f10x_i2c.o(i.I2C_SoftwareResetCmd), (20 bytes).
    Removing stm32f10x_i2c.o(i.I2C_StretchClockCmd), (20 bytes).
    Removing stm32f10x_i2c.o(i.I2C_StructInit), (28 bytes).
    Removing stm32f10x_i2c.o(i.I2C_TransmitPEC), (20 bytes).
    Removing stm32f10x_iwdg.o(i.IWDG_Enable), (16 bytes).
    Removing stm32f10x_iwdg.o(i.IWDG_GetFlagStatus), (20 bytes).
    Removing stm32f10x_iwdg.o(i.IWDG_ReloadCounter), (16 bytes).
    Removing stm32f10x_iwdg.o(i.IWDG_SetPrescaler), (12 bytes).
    Removing stm32f10x_iwdg.o(i.IWDG_SetReload), (12 bytes).
    Removing stm32f10x_iwdg.o(i.IWDG_WriteAccessCmd), (12 bytes).
    Removing stm32f10x_pwr.o(i.PWR_BackupAccessCmd), (12 bytes).
    Removing stm32f10x_pwr.o(i.PWR_ClearFlag), (16 bytes).
    Removing stm32f10x_pwr.o(i.PWR_DeInit), (24 bytes).
    Removing stm32f10x_pwr.o(i.PWR_EnterSTANDBYMode), (40 bytes).
    Removing stm32f10x_pwr.o(i.PWR_EnterSTOPMode), (52 bytes).
    Removing stm32f10x_pwr.o(i.PWR_GetFlagStatus), (20 bytes).
    Removing stm32f10x_pwr.o(i.PWR_PVDCmd), (12 bytes).
    Removing stm32f10x_pwr.o(i.PWR_PVDLevelConfig), (20 bytes).
    Removing stm32f10x_pwr.o(i.PWR_WakeUpPinCmd), (12 bytes).
    Removing stm32f10x_rcc.o(i.RCC_ADCCLKConfig), (20 bytes).
    Removing stm32f10x_rcc.o(i.RCC_AHBPeriphClockCmd), (24 bytes).
    Removing stm32f10x_rcc.o(i.RCC_APB1PeriphResetCmd), (24 bytes).
    Removing stm32f10x_rcc.o(i.RCC_APB2PeriphResetCmd), (24 bytes).
    Removing stm32f10x_rcc.o(i.RCC_AdjustHSICalibrationValue), (20 bytes).
    Removing stm32f10x_rcc.o(i.RCC_BackupResetCmd), (12 bytes).
    Removing stm32f10x_rcc.o(i.RCC_ClearFlag), (16 bytes).
    Removing stm32f10x_rcc.o(i.RCC_ClearITPendingBit), (12 bytes).
    Removing stm32f10x_rcc.o(i.RCC_ClockSecuritySystemCmd), (12 bytes).
    Removing stm32f10x_rcc.o(i.RCC_GetITStatus), (20 bytes).
    Removing stm32f10x_rcc.o(i.RCC_HSICmd), (12 bytes).
    Removing stm32f10x_rcc.o(i.RCC_ITConfig), (24 bytes).
    Removing stm32f10x_rcc.o(i.RCC_LSEConfig), (32 bytes).
    Removing stm32f10x_rcc.o(i.RCC_LSICmd), (12 bytes).
    Removing stm32f10x_rcc.o(i.RCC_MCOConfig), (12 bytes).
    Removing stm32f10x_rcc.o(i.RCC_RTCCLKCmd), (12 bytes).
    Removing stm32f10x_rcc.o(i.RCC_RTCCLKConfig), (16 bytes).
    Removing stm32f10x_rcc.o(i.RCC_USBCLKConfig), (12 bytes).
    Removing stm32f10x_rtc.o(i.RTC_ClearFlag), (16 bytes).
    Removing stm32f10x_rtc.o(i.RTC_ClearITPendingBit), (16 bytes).
    Removing stm32f10x_rtc.o(i.RTC_EnterConfigMode), (16 bytes).
    Removing stm32f10x_rtc.o(i.RTC_ExitConfigMode), (16 bytes).
    Removing stm32f10x_rtc.o(i.RTC_GetCounter), (20 bytes).
    Removing stm32f10x_rtc.o(i.RTC_GetDivider), (24 bytes).
    Removing stm32f10x_rtc.o(i.RTC_GetFlagStatus), (20 bytes).
    Removing stm32f10x_rtc.o(i.RTC_GetITStatus), (32 bytes).
    Removing stm32f10x_rtc.o(i.RTC_ITConfig), (24 bytes).
    Removing stm32f10x_rtc.o(i.RTC_SetAlarm), (32 bytes).
    Removing stm32f10x_rtc.o(i.RTC_SetCounter), (32 bytes).
    Removing stm32f10x_rtc.o(i.RTC_SetPrescaler), (32 bytes).
    Removing stm32f10x_rtc.o(i.RTC_WaitForLastTask), (16 bytes).
    Removing stm32f10x_rtc.o(i.RTC_WaitForSynchro), (24 bytes).
    Removing stm32f10x_sdio.o(i.SDIO_CEATAITCmd), (16 bytes).
    Removing stm32f10x_sdio.o(i.SDIO_ClearFlag), (12 bytes).
    Removing stm32f10x_sdio.o(i.SDIO_ClearITPendingBit), (12 bytes).
    Removing stm32f10x_sdio.o(i.SDIO_ClockCmd), (12 bytes).
    Removing stm32f10x_sdio.o(i.SDIO_CmdStructInit), (14 bytes).
    Removing stm32f10x_sdio.o(i.SDIO_CommandCompletionCmd), (12 bytes).
    Removing stm32f10x_sdio.o(i.SDIO_DMACmd), (12 bytes).
    Removing stm32f10x_sdio.o(i.SDIO_DataConfig), (44 bytes).
    Removing stm32f10x_sdio.o(i.SDIO_DataStructInit), (20 bytes).
    Removing stm32f10x_sdio.o(i.SDIO_DeInit), (36 bytes).
    Removing stm32f10x_sdio.o(i.SDIO_GetCommandResponse), (12 bytes).
    Removing stm32f10x_sdio.o(i.SDIO_GetDataCounter), (12 bytes).
    Removing stm32f10x_sdio.o(i.SDIO_GetFIFOCount), (12 bytes).
    Removing stm32f10x_sdio.o(i.SDIO_GetFlagStatus), (20 bytes).
    Removing stm32f10x_sdio.o(i.SDIO_GetITStatus), (20 bytes).
    Removing stm32f10x_sdio.o(i.SDIO_GetPowerState), (16 bytes).
    Removing stm32f10x_sdio.o(i.SDIO_GetResponse), (12 bytes).
    Removing stm32f10x_sdio.o(i.SDIO_ITConfig), (24 bytes).
    Removing stm32f10x_sdio.o(i.SDIO_Init), (44 bytes).
    Removing stm32f10x_sdio.o(i.SDIO_ReadData), (12 bytes).
    Removing stm32f10x_sdio.o(i.SDIO_SendCEATACmd), (12 bytes).
    Removing stm32f10x_sdio.o(i.SDIO_SendCommand), (40 bytes).
    Removing stm32f10x_sdio.o(i.SDIO_SendSDIOSuspendCmd), (12 bytes).
    Removing stm32f10x_sdio.o(i.SDIO_SetPowerState), (24 bytes).
    Removing stm32f10x_sdio.o(i.SDIO_SetSDIOOperation), (12 bytes).
    Removing stm32f10x_sdio.o(i.SDIO_SetSDIOReadWaitMode), (12 bytes).
    Removing stm32f10x_sdio.o(i.SDIO_StartSDIOReadWait), (12 bytes).
    Removing stm32f10x_sdio.o(i.SDIO_StopSDIOReadWait), (12 bytes).
    Removing stm32f10x_sdio.o(i.SDIO_StructInit), (16 bytes).
    Removing stm32f10x_sdio.o(i.SDIO_WriteData), (12 bytes).
    Removing stm32f10x_spi.o(i.I2S_Cmd), (20 bytes).
    Removing stm32f10x_spi.o(i.I2S_Init), (146 bytes).
    Removing stm32f10x_spi.o(i.I2S_StructInit), (18 bytes).
    Removing stm32f10x_spi.o(i.SPI_BiDirectionalLineConfig), (22 bytes).
    Removing stm32f10x_spi.o(i.SPI_CalculateCRC), (20 bytes).
    Removing stm32f10x_spi.o(i.SPI_Cmd), (20 bytes).
    Removing stm32f10x_spi.o(i.SPI_DataSizeConfig), (16 bytes).
    Removing stm32f10x_spi.o(i.SPI_GetCRC), (12 bytes).
    Removing stm32f10x_spi.o(i.SPI_GetCRCPolynomial), (4 bytes).
    Removing stm32f10x_spi.o(i.SPI_I2S_ClearFlag), (6 bytes).
    Removing stm32f10x_spi.o(i.SPI_I2S_ClearITPendingBit), (14 bytes).
    Removing stm32f10x_spi.o(i.SPI_I2S_DMACmd), (16 bytes).
    Removing stm32f10x_spi.o(i.SPI_I2S_DeInit), (84 bytes).
    Removing stm32f10x_spi.o(i.SPI_I2S_GetFlagStatus), (14 bytes).
    Removing stm32f10x_spi.o(i.SPI_I2S_GetITStatus), (40 bytes).
    Removing stm32f10x_spi.o(i.SPI_I2S_ITConfig), (24 bytes).
    Removing stm32f10x_spi.o(i.SPI_I2S_ReceiveData), (4 bytes).
    Removing stm32f10x_spi.o(i.SPI_I2S_SendData), (4 bytes).
    Removing stm32f10x_spi.o(i.SPI_Init), (56 bytes).
    Removing stm32f10x_spi.o(i.SPI_NSSInternalSoftwareConfig), (24 bytes).
    Removing stm32f10x_spi.o(i.SPI_SSOutputCmd), (20 bytes).
    Removing stm32f10x_spi.o(i.SPI_StructInit), (24 bytes).
    Removing stm32f10x_spi.o(i.SPI_TransmitCRC), (10 bytes).
    Removing stm32f10x_tim.o(i.TI1_Config), (104 bytes).
    Removing stm32f10x_tim.o(i.TI2_Config), (120 bytes).
    Removing stm32f10x_tim.o(i.TIM_ARRPreloadConfig), (20 bytes).
    Removing stm32f10x_tim.o(i.TIM_BDTRConfig), (34 bytes).
    Removing stm32f10x_tim.o(i.TIM_BDTRStructInit), (18 bytes).
    Removing stm32f10x_tim.o(i.TIM_CCPreloadControl), (20 bytes).
    Removing stm32f10x_tim.o(i.TIM_CCxCmd), (22 bytes).
    Removing stm32f10x_tim.o(i.TIM_CCxNCmd), (22 bytes).
    Removing stm32f10x_tim.o(i.TIM_ClearFlag), (6 bytes).
    Removing stm32f10x_tim.o(i.TIM_ClearOC1Ref), (12 bytes).
    Removing stm32f10x_tim.o(i.TIM_ClearOC2Ref), (14 bytes).
    Removing stm32f10x_tim.o(i.TIM_ClearOC3Ref), (12 bytes).
    Removing stm32f10x_tim.o(i.TIM_ClearOC4Ref), (14 bytes).
    Removing stm32f10x_tim.o(i.TIM_CounterModeConfig), (12 bytes).
    Removing stm32f10x_tim.o(i.TIM_CtrlPWMOutputs), (22 bytes).
    Removing stm32f10x_tim.o(i.TIM_DMACmd), (16 bytes).
    Removing stm32f10x_tim.o(i.TIM_DMAConfig), (8 bytes).
    Removing stm32f10x_tim.o(i.TIM_DeInit), (368 bytes).
    Removing stm32f10x_tim.o(i.TIM_ETRClockMode1Config), (18 bytes).
    Removing stm32f10x_tim.o(i.TIM_ETRClockMode2Config), (18 bytes).
    Removing stm32f10x_tim.o(i.TIM_ETRConfig), (18 bytes).
    Removing stm32f10x_tim.o(i.TIM_EncoderInterfaceConfig), (44 bytes).
    Removing stm32f10x_tim.o(i.TIM_ForcedOC1Config), (12 bytes).
    Removing stm32f10x_tim.o(i.TIM_ForcedOC2Config), (14 bytes).
    Removing stm32f10x_tim.o(i.TIM_ForcedOC3Config), (12 bytes).
    Removing stm32f10x_tim.o(i.TIM_ForcedOC4Config), (14 bytes).
    Removing stm32f10x_tim.o(i.TIM_GenerateEvent), (4 bytes).
    Removing stm32f10x_tim.o(i.TIM_GetCapture1), (4 bytes).
    Removing stm32f10x_tim.o(i.TIM_GetCapture2), (4 bytes).
    Removing stm32f10x_tim.o(i.TIM_GetCapture3), (4 bytes).
    Removing stm32f10x_tim.o(i.TIM_GetCapture4), (6 bytes).
    Removing stm32f10x_tim.o(i.TIM_GetCounter), (4 bytes).
    Removing stm32f10x_tim.o(i.TIM_GetFlagStatus), (14 bytes).
    Removing stm32f10x_tim.o(i.TIM_GetPrescaler), (4 bytes).
    Removing stm32f10x_tim.o(i.TIM_ICInit), (292 bytes).
    Removing stm32f10x_tim.o(i.TIM_ICStructInit), (16 bytes).
    Removing stm32f10x_tim.o(i.TIM_ITRxExternalClockConfig), (18 bytes).
    Removing stm32f10x_tim.o(i.TIM_InternalClockConfig), (10 bytes).
    Removing stm32f10x_tim.o(i.TIM_OC1FastConfig), (12 bytes).
    Removing stm32f10x_tim.o(i.TIM_OC1Init), (128 bytes).
    Removing stm32f10x_tim.o(i.TIM_OC1NPolarityConfig), (12 bytes).
    Removing stm32f10x_tim.o(i.TIM_OC1PolarityConfig), (12 bytes).
    Removing stm32f10x_tim.o(i.TIM_OC1PreloadConfig), (12 bytes).
    Removing stm32f10x_tim.o(i.TIM_OC2FastConfig), (14 bytes).
    Removing stm32f10x_tim.o(i.TIM_OC2Init), (124 bytes).
    Removing stm32f10x_tim.o(i.TIM_OC2NPolarityConfig), (14 bytes).
    Removing stm32f10x_tim.o(i.TIM_OC2PolarityConfig), (14 bytes).
    Removing stm32f10x_tim.o(i.TIM_OC2PreloadConfig), (14 bytes).
    Removing stm32f10x_tim.o(i.TIM_OC3FastConfig), (12 bytes).
    Removing stm32f10x_tim.o(i.TIM_OC3Init), (120 bytes).
    Removing stm32f10x_tim.o(i.TIM_OC3NPolarityConfig), (14 bytes).
    Removing stm32f10x_tim.o(i.TIM_OC3PolarityConfig), (14 bytes).
    Removing stm32f10x_tim.o(i.TIM_OC3PreloadConfig), (12 bytes).
    Removing stm32f10x_tim.o(i.TIM_OC4FastConfig), (14 bytes).
    Removing stm32f10x_tim.o(i.TIM_OC4Init), (96 bytes).
    Removing stm32f10x_tim.o(i.TIM_OC4PolarityConfig), (14 bytes).
    Removing stm32f10x_tim.o(i.TIM_OC4PreloadConfig), (14 bytes).
    Removing stm32f10x_tim.o(i.TIM_OCStructInit), (20 bytes).
    Removing stm32f10x_tim.o(i.TIM_PWMIConfig), (108 bytes).
    Removing stm32f10x_tim.o(i.TIM_PrescalerConfig), (6 bytes).
    Removing stm32f10x_tim.o(i.TIM_SelectCCDMA), (20 bytes).
    Removing stm32f10x_tim.o(i.TIM_SelectCOM), (20 bytes).
    Removing stm32f10x_tim.o(i.TIM_SelectHallSensor), (20 bytes).
    Removing stm32f10x_tim.o(i.TIM_SelectInputTrigger), (12 bytes).
    Removing stm32f10x_tim.o(i.TIM_SelectMasterSlaveMode), (16 bytes).
    Removing stm32f10x_tim.o(i.TIM_SelectOCxM), (66 bytes).
    Removing stm32f10x_tim.o(i.TIM_SelectOnePulseMode), (16 bytes).
    Removing stm32f10x_tim.o(i.TIM_SelectOutputTrigger), (16 bytes).
    Removing stm32f10x_tim.o(i.TIM_SelectSlaveMode), (16 bytes).
    Removing stm32f10x_tim.o(i.TIM_SetAutoreload), (4 bytes).
    Removing stm32f10x_tim.o(i.TIM_SetClockDivision), (16 bytes).
    Removing stm32f10x_tim.o(i.TIM_SetCompare1), (4 bytes).
    Removing stm32f10x_tim.o(i.TIM_SetCompare2), (4 bytes).
    Removing stm32f10x_tim.o(i.TIM_SetCompare3), (4 bytes).
    Removing stm32f10x_tim.o(i.TIM_SetCompare4), (6 bytes).
    Removing stm32f10x_tim.o(i.TIM_SetCounter), (4 bytes).
    Removing stm32f10x_tim.o(i.TIM_SetIC1Prescaler), (16 bytes).
    Removing stm32f10x_tim.o(i.TIM_SetIC2Prescaler), (18 bytes).
    Removing stm32f10x_tim.o(i.TIM_SetIC3Prescaler), (16 bytes).
    Removing stm32f10x_tim.o(i.TIM_SetIC4Prescaler), (18 bytes).
    Removing stm32f10x_tim.o(i.TIM_TIxExternalClockConfig), (44 bytes).
    Removing stm32f10x_tim.o(i.TIM_TimeBaseStructInit), (18 bytes).
    Removing stm32f10x_tim.o(i.TIM_UpdateDisableConfig), (20 bytes).
    Removing stm32f10x_tim.o(i.TIM_UpdateRequestConfig), (20 bytes).
    Removing stm32f10x_usart.o(i.USART_ClockInit), (30 bytes).
    Removing stm32f10x_usart.o(i.USART_ClockStructInit), (12 bytes).
    Removing stm32f10x_usart.o(i.USART_DMACmd), (16 bytes).
    Removing stm32f10x_usart.o(i.USART_DeInit), (116 bytes).
    Removing stm32f10x_usart.o(i.USART_GetFlagStatus), (14 bytes).
    Removing stm32f10x_usart.o(i.USART_HalfDuplexCmd), (20 bytes).
    Removing stm32f10x_usart.o(i.USART_IrDACmd), (20 bytes).
    Removing stm32f10x_usart.o(i.USART_IrDAConfig), (16 bytes).
    Removing stm32f10x_usart.o(i.USART_LINBreakDetectLengthConfig), (16 bytes).
    Removing stm32f10x_usart.o(i.USART_LINCmd), (20 bytes).
    Removing stm32f10x_usart.o(i.USART_OneBitMethodCmd), (20 bytes).
    Removing stm32f10x_usart.o(i.USART_OverSampling8Cmd), (20 bytes).
    Removing stm32f10x_usart.o(i.USART_ReceiverWakeUpCmd), (20 bytes).
    Removing stm32f10x_usart.o(i.USART_SendBreak), (10 bytes).
    Removing stm32f10x_usart.o(i.USART_SetAddress), (16 bytes).
    Removing stm32f10x_usart.o(i.USART_SetGuardTime), (16 bytes).
    Removing stm32f10x_usart.o(i.USART_SetPrescaler), (16 bytes).
    Removing stm32f10x_usart.o(i.USART_SmartCardCmd), (20 bytes).
    Removing stm32f10x_usart.o(i.USART_SmartCardNACKCmd), (20 bytes).
    Removing stm32f10x_usart.o(i.USART_StructInit), (22 bytes).
    Removing stm32f10x_usart.o(i.USART_WakeUpConfig), (16 bytes).
    Removing stm32f10x_wwdg.o(i.WWDG_ClearFlag), (12 bytes).
    Removing stm32f10x_wwdg.o(i.WWDG_DeInit), (24 bytes).
    Removing stm32f10x_wwdg.o(i.WWDG_Enable), (16 bytes).
    Removing stm32f10x_wwdg.o(i.WWDG_EnableIT), (12 bytes).
    Removing stm32f10x_wwdg.o(i.WWDG_GetFlagStatus), (12 bytes).
    Removing stm32f10x_wwdg.o(i.WWDG_SetCounter), (16 bytes).
    Removing stm32f10x_wwdg.o(i.WWDG_SetPrescaler), (20 bytes).
    Removing stm32f10x_wwdg.o(i.WWDG_SetWindowValue), (24 bytes).
    Removing system_stm32f10x.o(i.SystemCoreClockUpdate), (104 bytes).
    Removing system_stm32f10x.o(.data), (20 bytes).
    Removing startup_stm32f10x_hd.o(HEAP), (512 bytes).
    Removing core_cm3.o(.emb_text), (32 bytes).
    Removing fmul.o(.text), (108 bytes).
    Removing fscalb.o(.text), (24 bytes).
    Removing dadd.o(.text), (332 bytes).
    Removing dmul.o(.text), (224 bytes).
    Removing ddiv.o(.text), (222 bytes).
    Removing dfixul.o(.text), (48 bytes).
    Removing cdrcmple.o(.text), (40 bytes).
    Removing depilogue.o(.text), (190 bytes).

462 unused section(s) (total 16154 bytes) removed from the image.

==============================================================================

Image Symbol Table

    Local Symbols

    Symbol Name                              Value     Ov Type        Size  Object(Section)

    ../../microlib/division.c                0x00000000   Number         0  uidiv.o ABSOLUTE
    ../../microlib/division.c                0x00000000   Number         0  uldiv.o ABSOLUTE
    ../../microlib/fpadd.c                   0x00000000   Number         0  dadd.o ABSOLUTE
    ../../microlib/fpadd.c                   0x00000000   Number         0  fadd.o ABSOLUTE
    ../../microlib/fpdiv.c                   0x00000000   Number         0  ddiv.o ABSOLUTE
    ../../microlib/fpepilogue.c              0x00000000   Number         0  depilogue.o ABSOLUTE
    ../../microlib/fpepilogue.c              0x00000000   Number         0  fepilogue.o ABSOLUTE
    ../../microlib/fpfix.c                   0x00000000   Number         0  dfixul.o ABSOLUTE
    ../../microlib/fpflt.c                   0x00000000   Number         0  ffltui.o ABSOLUTE
    ../../microlib/fpmul.c                   0x00000000   Number         0  dmul.o ABSOLUTE
    ../../microlib/fpmul.c                   0x00000000   Number         0  fmul.o ABSOLUTE
    ../../microlib/fpscalb.c                 0x00000000   Number         0  fscalb.o ABSOLUTE
    ../../microlib/init/entry.s              0x00000000   Number         0  entry8.o ABSOLUTE
    ../../microlib/init/entry.s              0x00000000   Number         0  entry5.o ABSOLUTE
    ../../microlib/init/entry.s              0x00000000   Number         0  entry7a.o ABSOLUTE
    ../../microlib/init/entry.s              0x00000000   Number         0  entry7b.o ABSOLUTE
    ../../microlib/init/entry.s              0x00000000   Number         0  entry.o ABSOLUTE
    ../../microlib/init/entry.s              0x00000000   Number         0  entry2.o ABSOLUTE
    ../../microlib/longlong.c                0x00000000   Number         0  llsshr.o ABSOLUTE
    ../../microlib/longlong.c                0x00000000   Number         0  llushr.o ABSOLUTE
    ../../microlib/longlong.c                0x00000000   Number         0  llshl.o ABSOLUTE
    ../../microlib/printf/printf.c           0x00000000   Number         0  printf7.o ABSOLUTE
    ../../microlib/printf/printf.c           0x00000000   Number         0  printf6.o ABSOLUTE
    ../../microlib/printf/printf.c           0x00000000   Number         0  printf5.o ABSOLUTE
    ../../microlib/printf/printf.c           0x00000000   Number         0  printf4.o ABSOLUTE
    ../../microlib/printf/printf.c           0x00000000   Number         0  printf2.o ABSOLUTE
    ../../microlib/printf/printf.c           0x00000000   Number         0  printf1.o ABSOLUTE
    ../../microlib/printf/printf.c           0x00000000   Number         0  printf0.o ABSOLUTE
    ../../microlib/printf/printf.c           0x00000000   Number         0  printfb.o ABSOLUTE
    ../../microlib/printf/printf.c           0x00000000   Number         0  printf3.o ABSOLUTE
    ../../microlib/printf/printf.c           0x00000000   Number         0  printfa.o ABSOLUTE
    ../../microlib/printf/printf.c           0x00000000   Number         0  printf8.o ABSOLUTE
    ../../microlib/printf/stubs.s            0x00000000   Number         0  stubs.o ABSOLUTE
    ../../microlib/stdio/streams.c           0x00000000   Number         0  stdout.o ABSOLUTE
    ../../microlib/string/strstr.c           0x00000000   Number         0  strstr.o ABSOLUTE
    ../../microlib/stubs.s                   0x00000000   Number         0  iusefp.o ABSOLUTE
    ..\Libraries\CMSIS\CoreSupport\core_cm3.c 0x00000000   Number         0  core_cm3.o ABSOLUTE
    ..\Libraries\CMSIS\DeviceSupport\startup_stm32f10x_hd.s 0x00000000   Number         0  startup_stm32f10x_hd.o ABSOLUTE
    ..\Libraries\CMSIS\DeviceSupport\system_stm32f10x.c 0x00000000   Number         0  system_stm32f10x.o ABSOLUTE
    ..\Libraries\StdPeriph_Driver\src\misc.c 0x00000000   Number         0  misc.o ABSOLUTE
    ..\Libraries\StdPeriph_Driver\src\stm32f10x_adc.c 0x00000000   Number         0  stm32f10x_adc.o ABSOLUTE
    ..\Libraries\StdPeriph_Driver\src\stm32f10x_bkp.c 0x00000000   Number         0  stm32f10x_bkp.o ABSOLUTE
    ..\Libraries\StdPeriph_Driver\src\stm32f10x_can.c 0x00000000   Number         0  stm32f10x_can.o ABSOLUTE
    ..\Libraries\StdPeriph_Driver\src\stm32f10x_cec.c 0x00000000   Number         0  stm32f10x_cec.o ABSOLUTE
    ..\Libraries\StdPeriph_Driver\src\stm32f10x_crc.c 0x00000000   Number         0  stm32f10x_crc.o ABSOLUTE
    ..\Libraries\StdPeriph_Driver\src\stm32f10x_dac.c 0x00000000   Number         0  stm32f10x_dac.o ABSOLUTE
    ..\Libraries\StdPeriph_Driver\src\stm32f10x_dbgmcu.c 0x00000000   Number         0  stm32f10x_dbgmcu.o ABSOLUTE
    ..\Libraries\StdPeriph_Driver\src\stm32f10x_dma.c 0x00000000   Number         0  stm32f10x_dma.o ABSOLUTE
    ..\Libraries\StdPeriph_Driver\src\stm32f10x_exti.c 0x00000000   Number         0  stm32f10x_exti.o ABSOLUTE
    ..\Libraries\StdPeriph_Driver\src\stm32f10x_flash.c 0x00000000   Number         0  stm32f10x_flash.o ABSOLUTE
    ..\Libraries\StdPeriph_Driver\src\stm32f10x_fsmc.c 0x00000000   Number         0  stm32f10x_fsmc.o ABSOLUTE
    ..\Libraries\StdPeriph_Driver\src\stm32f10x_gpio.c 0x00000000   Number         0  stm32f10x_gpio.o ABSOLUTE
    ..\Libraries\StdPeriph_Driver\src\stm32f10x_i2c.c 0x00000000   Number         0  stm32f10x_i2c.o ABSOLUTE
    ..\Libraries\StdPeriph_Driver\src\stm32f10x_iwdg.c 0x00000000   Number         0  stm32f10x_iwdg.o ABSOLUTE
    ..\Libraries\StdPeriph_Driver\src\stm32f10x_pwr.c 0x00000000   Number         0  stm32f10x_pwr.o ABSOLUTE
    ..\Libraries\StdPeriph_Driver\src\stm32f10x_rcc.c 0x00000000   Number         0  stm32f10x_rcc.o ABSOLUTE
    ..\Libraries\StdPeriph_Driver\src\stm32f10x_rtc.c 0x00000000   Number         0  stm32f10x_rtc.o ABSOLUTE
    ..\Libraries\StdPeriph_Driver\src\stm32f10x_sdio.c 0x00000000   Number         0  stm32f10x_sdio.o ABSOLUTE
    ..\Libraries\StdPeriph_Driver\src\stm32f10x_spi.c 0x00000000   Number         0  stm32f10x_spi.o ABSOLUTE
    ..\Libraries\StdPeriph_Driver\src\stm32f10x_tim.c 0x00000000   Number         0  stm32f10x_tim.o ABSOLUTE
    ..\Libraries\StdPeriph_Driver\src\stm32f10x_usart.c 0x00000000   Number         0  stm32f10x_usart.o ABSOLUTE
    ..\Libraries\StdPeriph_Driver\src\stm32f10x_wwdg.c 0x00000000   Number         0  stm32f10x_wwdg.o ABSOLUTE
    ..\User\main.c                           0x00000000   Number         0  main.o ABSOLUTE
    ..\User\src\bsp.c                        0x00000000   Number         0  bsp.o ABSOLUTE
    ..\User\src\car.c                        0x00000000   Number         0  car.o ABSOLUTE
    ..\User\src\carcontrol.c                 0x00000000   Number         0  carcontrol.o ABSOLUTE
    ..\User\src\pid.c                        0x00000000   Number         0  pid.o ABSOLUTE
    ..\User\src\systick.c                    0x00000000   Number         0  systick.o ABSOLUTE
    ..\User\src\usart.c                      0x00000000   Number         0  usart.o ABSOLUTE
    ..\\Libraries\\CMSIS\\CoreSupport\\core_cm3.c 0x00000000   Number         0  core_cm3.o ABSOLUTE
    cdrcmple.s                               0x00000000   Number         0  cdrcmple.o ABSOLUTE
    dc.s                                     0x00000000   Number         0  dc.o ABSOLUTE
    handlers.s                               0x00000000   Number         0  handlers.o ABSOLUTE
    init.s                                   0x00000000   Number         0  init.o ABSOLUTE
    RESET                                    0x08000000   Section      304  startup_stm32f10x_hd.o(RESET)
    .ARM.Collect$$$$00000000                 0x08000130   Section        0  entry.o(.ARM.Collect$$$$00000000)
    .ARM.Collect$$$$00000001                 0x08000130   Section        4  entry2.o(.ARM.Collect$$$$00000001)
    .ARM.Collect$$$$00000004                 0x08000134   Section        4  entry5.o(.ARM.Collect$$$$00000004)
    .ARM.Collect$$$$00000008                 0x08000138   Section        0  entry7b.o(.ARM.Collect$$$$00000008)
    .ARM.Collect$$$$00000009                 0x08000138   Section        8  entry8.o(.ARM.Collect$$$$00000009)
    .ARM.Collect$$$$00002712                 0x08000140   Section        4  entry2.o(.ARM.Collect$$$$00002712)
    __lit__00000000                          0x08000140   Data           4  entry2.o(.ARM.Collect$$$$00002712)
    .text                                    0x08000144   Section       36  startup_stm32f10x_hd.o(.text)
    .text                                    0x08000168   Section        0  strstr.o(.text)
    .text                                    0x08000194   Section        0  fadd.o(.text)
    .text                                    0x08000244   Section        0  ffltui.o(.text)
    .text                                    0x0800024e   Section        0  uidiv.o(.text)
    .text                                    0x0800027a   Section        0  iusefp.o(.text)
    .text                                    0x0800027a   Section        0  fepilogue.o(.text)
    .text                                    0x080002e8   Section       36  init.o(.text)
    i.BSP_Init                               0x0800030c   Section        0  bsp.o(i.BSP_Init)
    i.Car_GetRunDistance                     0x08000324   Section        0  car.o(i.Car_GetRunDistance)
    i.Car_Go                                 0x08000330   Section        0  car.o(i.Car_Go)
    i.Car_Init                               0x08000360   Section        0  car.o(i.Car_Init)
    i.Car_Move                               0x08000410   Section        0  car.o(i.Car_Move)
    i.Car_Stop                               0x08000448   Section        0  car.o(i.Car_Stop)
    i.FLASH_PrefetchBufferCmd                0x08000470   Section        0  stm32f10x_flash.o(i.FLASH_PrefetchBufferCmd)
    i.FLASH_SetLatency                       0x08000488   Section        0  stm32f10x_flash.o(i.FLASH_SetLatency)
    i.GPIO_Init                              0x0800049c   Section        0  stm32f10x_gpio.o(i.GPIO_Init)
    i.GPIO_ReadInputDataBit                  0x08000540   Section        0  stm32f10x_gpio.o(i.GPIO_ReadInputDataBit)
    i.GPIO_ResetBits                         0x0800054e   Section        0  stm32f10x_gpio.o(i.GPIO_ResetBits)
    i.GPIO_SetBits                           0x08000552   Section        0  stm32f10x_gpio.o(i.GPIO_SetBits)
    i.NVIC_Init                              0x08000558   Section        0  misc.o(i.NVIC_Init)
    i.PID_ParameterInit                      0x080005bc   Section        0  pid.o(i.PID_ParameterInit)
    i.Parameter_Init                         0x080005dc   Section        0  car.o(i.Parameter_Init)
    i.RCC_APB1PeriphClockCmd                 0x08000660   Section        0  stm32f10x_rcc.o(i.RCC_APB1PeriphClockCmd)
    i.RCC_APB2PeriphClockCmd                 0x08000678   Section        0  stm32f10x_rcc.o(i.RCC_APB2PeriphClockCmd)
    i.RCC_Configuration                      0x08000690   Section        0  bsp.o(i.RCC_Configuration)
    i.RCC_DeInit                             0x080006f4   Section        0  stm32f10x_rcc.o(i.RCC_DeInit)
    i.RCC_GetClocksFreq                      0x08000734   Section        0  stm32f10x_rcc.o(i.RCC_GetClocksFreq)
    i.RCC_GetFlagStatus                      0x080007d0   Section        0  stm32f10x_rcc.o(i.RCC_GetFlagStatus)
    i.RCC_GetSYSCLKSource                    0x08000800   Section        0  stm32f10x_rcc.o(i.RCC_GetSYSCLKSource)
    i.RCC_HCLKConfig                         0x08000810   Section        0  stm32f10x_rcc.o(i.RCC_HCLKConfig)
    i.RCC_HSEConfig                          0x08000824   Section        0  stm32f10x_rcc.o(i.RCC_HSEConfig)
    i.RCC_PCLK1Config                        0x08000858   Section        0  stm32f10x_rcc.o(i.RCC_PCLK1Config)
    i.RCC_PCLK2Config                        0x0800086c   Section        0  stm32f10x_rcc.o(i.RCC_PCLK2Config)
    i.RCC_PLLCmd                             0x08000880   Section        0  stm32f10x_rcc.o(i.RCC_PLLCmd)
    i.RCC_PLLConfig                          0x0800088c   Section        0  stm32f10x_rcc.o(i.RCC_PLLConfig)
    i.RCC_SYSCLKConfig                       0x080008a0   Section        0  stm32f10x_rcc.o(i.RCC_SYSCLKConfig)
    i.RCC_WaitForHSEStartUp                  0x080008b4   Section        0  stm32f10x_rcc.o(i.RCC_WaitForHSEStartUp)
    i.Run_GivenDistance                      0x080008dc   Section        0  carcontrol.o(i.Run_GivenDistance)
    i.SetSysClockTo72                        0x08000910   Section        0  system_stm32f10x.o(i.SetSysClockTo72)
    SetSysClockTo72                          0x08000911   Thumb Code   138  system_stm32f10x.o(i.SetSysClockTo72)
    i.SysTick_Init                           0x080009a4   Section        0  systick.o(i.SysTick_Init)
    i.SystemInit                             0x080009c4   Section        0  system_stm32f10x.o(i.SystemInit)
    i.TIM3_IRQHandler                        0x08000a14   Section        0  car.o(i.TIM3_IRQHandler)
    i.TIM_ClearITPendingBit                  0x08000af0   Section        0  stm32f10x_tim.o(i.TIM_ClearITPendingBit)
    i.TIM_Cmd                                0x08000af6   Section        0  stm32f10x_tim.o(i.TIM_Cmd)
    i.TIM_GetITStatus                        0x08000b0a   Section        0  stm32f10x_tim.o(i.TIM_GetITStatus)
    i.TIM_ITConfig                           0x08000b20   Section        0  stm32f10x_tim.o(i.TIM_ITConfig)
    i.TIM_TimeBaseInit                       0x08000b30   Section        0  stm32f10x_tim.o(i.TIM_TimeBaseInit)
    i.USART1_Config                          0x08000bcc   Section        0  usart.o(i.USART1_Config)
    i.USART1_IRQHandler                      0x08000c68   Section        0  usart.o(i.USART1_IRQHandler)
    i.USART2_IRQHandler                      0x08000d50   Section        0  usart.o(i.USART2_IRQHandler)
    i.USART_ClearFlag                        0x08000dac   Section        0  stm32f10x_usart.o(i.USART_ClearFlag)
    i.USART_ClearITPendingBit                0x08000db2   Section        0  stm32f10x_usart.o(i.USART_ClearITPendingBit)
    i.USART_Cmd                              0x08000dbe   Section        0  stm32f10x_usart.o(i.USART_Cmd)
    i.USART_GetITStatus                      0x08000dd2   Section        0  stm32f10x_usart.o(i.USART_GetITStatus)
    i.USART_ITConfig                         0x08000e10   Section        0  stm32f10x_usart.o(i.USART_ITConfig)
    i.USART_Init                             0x08000e40   Section        0  stm32f10x_usart.o(i.USART_Init)
    i.USART_ReceiveData                      0x08000ef4   Section        0  stm32f10x_usart.o(i.USART_ReceiveData)
    i.USART_SendData                         0x08000efc   Section        0  stm32f10x_usart.o(i.USART_SendData)
    i.Wheel_Hall_CaculateSpeed               0x08000f04   Section        0  car.o(i.Wheel_Hall_CaculateSpeed)
    i.Wheel_Hall_IO_Check                    0x08000f60   Section        0  car.o(i.Wheel_Hall_IO_Check)
    i.Wheel_PWMEmulate                       0x08000f84   Section        0  car.o(i.Wheel_PWMEmulate)
    i.Wheel_ParameterInit                    0x08000fc8   Section        0  car.o(i.Wheel_ParameterInit)
    i.Wheel_SetDirection                     0x08000ff6   Section        0  car.o(i.Wheel_SetDirection)
    i.__0printf$1                            0x08001024   Section        0  printf1.o(i.__0printf$1)
    i.__scatterload_copy                     0x08001044   Section       14  handlers.o(i.__scatterload_copy)
    i.__scatterload_null                     0x08001052   Section        2  handlers.o(i.__scatterload_null)
    i.__scatterload_zeroinit                 0x08001054   Section       14  handlers.o(i.__scatterload_zeroinit)
    i._printf_core                           0x08001064   Section        0  printf1.o(i._printf_core)
    _printf_core                             0x08001065   Thumb Code   332  printf1.o(i._printf_core)
    i.delay1ms                               0x080011b4   Section        0  systick.o(i.delay1ms)
    i.delay1s                                0x080011dc   Section        0  systick.o(i.delay1s)
    i.fputc                                  0x080011f8   Section        0  usart.o(i.fputc)
    i.main                                   0x08001214   Section        0  main.o(i.main)
    .data                                    0x20000000   Section        4  car.o(.data)
    .data                                    0x20000004   Section        4  systick.o(.data)
    fac_us                                   0x20000004   Data           1  systick.o(.data)
    fac_ms                                   0x20000006   Data           2  systick.o(.data)
    .data                                    0x20000008   Section        3  usart.o(.data)
    .data                                    0x2000000b   Section       20  stm32f10x_rcc.o(.data)
    ADCPrescTable                            0x2000000b   Data           4  stm32f10x_rcc.o(.data)
    APBAHBPrescTable                         0x2000000f   Data          16  stm32f10x_rcc.o(.data)
    .data                                    0x20000020   Section        4  stdout.o(.data)
    .bss                                     0x20000024   Section      272  car.o(.bss)
    .bss                                     0x20000134   Section     1035  usart.o(.bss)
    STACK                                    0x20000540   Section     1024  startup_stm32f10x_hd.o(STACK)

    Global Symbols

    Symbol Name                              Value     Ov Type        Size  Object(Section)

    BuildAttributes$$THM_ISAv4$P$D$K$B$S$PE$A:L22UL41UL21$X:L11$S22US41US21$IEEE1$IW$USESV6$~STKCKD$USESV7$~SHL$OTIME$ROPI$EBA8$MICROLIB$REQ8$PRES8$EABIv2 0x00000000   Number         0  anon$$obj.o ABSOLUTE
    __ARM_use_no_argv                        0x00000000   Number         0  main.o ABSOLUTE
    _printf_a                                0x00000000   Number         0  stubs.o ABSOLUTE
    _printf_c                                0x00000000   Number         0  stubs.o ABSOLUTE
    _printf_charcount                        0x00000000   Number         0  stubs.o ABSOLUTE
    _printf_d                                0x00000000   Number         0  stubs.o ABSOLUTE
    _printf_e                                0x00000000   Number         0  stubs.o ABSOLUTE
    _printf_f                                0x00000000   Number         0  stubs.o ABSOLUTE
    _printf_flags                            0x00000000   Number         0  stubs.o ABSOLUTE
    _printf_fp_dec                           0x00000000   Number         0  stubs.o ABSOLUTE
    _printf_fp_hex                           0x00000000   Number         0  stubs.o ABSOLUTE
    _printf_g                                0x00000000   Number         0  stubs.o ABSOLUTE
    _printf_i                                0x00000000   Number         0  stubs.o ABSOLUTE
    _printf_int_dec                          0x00000000   Number         0  stubs.o ABSOLUTE
    _printf_l                                0x00000000   Number         0  stubs.o ABSOLUTE
    _printf_lc                               0x00000000   Number         0  stubs.o ABSOLUTE
    _printf_ll                               0x00000000   Number         0  stubs.o ABSOLUTE
    _printf_lld                              0x00000000   Number         0  stubs.o ABSOLUTE
    _printf_lli                              0x00000000   Number         0  stubs.o ABSOLUTE
    _printf_llo                              0x00000000   Number         0  stubs.o ABSOLUTE
    _printf_llu                              0x00000000   Number         0  stubs.o ABSOLUTE
    _printf_llx                              0x00000000   Number         0  stubs.o ABSOLUTE
    _printf_longlong_dec                     0x00000000   Number         0  stubs.o ABSOLUTE
    _printf_longlong_hex                     0x00000000   Number         0  stubs.o ABSOLUTE
    _printf_longlong_oct                     0x00000000   Number         0  stubs.o ABSOLUTE
    _printf_ls                               0x00000000   Number         0  stubs.o ABSOLUTE
    _printf_mbtowc                           0x00000000   Number         0  stubs.o ABSOLUTE
    _printf_n                                0x00000000   Number         0  stubs.o ABSOLUTE
    _printf_o                                0x00000000   Number         0  stubs.o ABSOLUTE
    _printf_p                                0x00000000   Number         0  stubs.o ABSOLUTE
    _printf_percent                          0x00000000   Number         0  stubs.o ABSOLUTE
    _printf_pre_padding                      0x00000000   Number         0  stubs.o ABSOLUTE
    _printf_return_value                     0x00000000   Number         0  stubs.o ABSOLUTE
    _printf_s                                0x00000000   Number         0  stubs.o ABSOLUTE
    _printf_sizespec                         0x00000000   Number         0  stubs.o ABSOLUTE
    _printf_str                              0x00000000   Number         0  stubs.o ABSOLUTE
    _printf_truncate_signed                  0x00000000   Number         0  stubs.o ABSOLUTE
    _printf_truncate_unsigned                0x00000000   Number         0  stubs.o ABSOLUTE
    _printf_u                                0x00000000   Number         0  stubs.o ABSOLUTE
    _printf_wc                               0x00000000   Number         0  stubs.o ABSOLUTE
    _printf_wctomb                           0x00000000   Number         0  stubs.o ABSOLUTE
    _printf_widthprec                        0x00000000   Number         0  stubs.o ABSOLUTE
    _printf_x                                0x00000000   Number         0  stubs.o ABSOLUTE
    __decompress                              - Undefined Weak Reference
    _clock_init                               - Undefined Weak Reference
    __Vectors_Size                           0x00000130   Number         0  startup_stm32f10x_hd.o ABSOLUTE
    __Vectors                                0x08000000   Data           4  startup_stm32f10x_hd.o(RESET)
    __Vectors_End                            0x08000130   Data           0  startup_stm32f10x_hd.o(RESET)
    __main                                   0x08000131   Thumb Code     0  entry.o(.ARM.Collect$$$$00000000)
    _main_stk                                0x08000131   Thumb Code     0  entry2.o(.ARM.Collect$$$$00000001)
    _main_scatterload                        0x08000135   Thumb Code     0  entry5.o(.ARM.Collect$$$$00000004)
    __main_after_scatterload                 0x08000139   Thumb Code     0  entry5.o(.ARM.Collect$$$$00000004)
    _main_clock                              0x08000139   Thumb Code     0  entry7b.o(.ARM.Collect$$$$00000008)
    _main_init                               0x08000139   Thumb Code     0  entry8.o(.ARM.Collect$$$$00000009)
    Reset_Handler                            0x08000145   Thumb Code     8  startup_stm32f10x_hd.o(.text)
    NMI_Handler                              0x0800014d   Thumb Code     2  startup_stm32f10x_hd.o(.text)
    HardFault_Handler                        0x0800014f   Thumb Code     2  startup_stm32f10x_hd.o(.text)
    MemManage_Handler                        0x08000151   Thumb Code     2  startup_stm32f10x_hd.o(.text)
    BusFault_Handler                         0x08000153   Thumb Code     2  startup_stm32f10x_hd.o(.text)
    UsageFault_Handler                       0x08000155   Thumb Code     2  startup_stm32f10x_hd.o(.text)
    SVC_Handler                              0x08000157   Thumb Code     2  startup_stm32f10x_hd.o(.text)
    DebugMon_Handler                         0x08000159   Thumb Code     2  startup_stm32f10x_hd.o(.text)
    PendSV_Handler                           0x0800015b   Thumb Code     2  startup_stm32f10x_hd.o(.text)
    SysTick_Handler                          0x0800015d   Thumb Code     2  startup_stm32f10x_hd.o(.text)
    ADC1_2_IRQHandler                        0x0800015f   Thumb Code     0  startup_stm32f10x_hd.o(.text)
    ADC3_IRQHandler                          0x0800015f   Thumb Code     0  startup_stm32f10x_hd.o(.text)
    CAN1_RX1_IRQHandler                      0x0800015f   Thumb Code     0  startup_stm32f10x_hd.o(.text)
    CAN1_SCE_IRQHandler                      0x0800015f   Thumb Code     0  startup_stm32f10x_hd.o(.text)
    DMA1_Channel1_IRQHandler                 0x0800015f   Thumb Code     0  startup_stm32f10x_hd.o(.text)
    DMA1_Channel2_IRQHandler                 0x0800015f   Thumb Code     0  startup_stm32f10x_hd.o(.text)
    DMA1_Channel3_IRQHandler                 0x0800015f   Thumb Code     0  startup_stm32f10x_hd.o(.text)
    DMA1_Channel4_IRQHandler                 0x0800015f   Thumb Code     0  startup_stm32f10x_hd.o(.text)
    DMA1_Channel5_IRQHandler                 0x0800015f   Thumb Code     0  startup_stm32f10x_hd.o(.text)
    DMA1_Channel6_IRQHandler                 0x0800015f   Thumb Code     0  startup_stm32f10x_hd.o(.text)
    DMA1_Channel7_IRQHandler                 0x0800015f   Thumb Code     0  startup_stm32f10x_hd.o(.text)
    DMA2_Channel1_IRQHandler                 0x0800015f   Thumb Code     0  startup_stm32f10x_hd.o(.text)
    DMA2_Channel2_IRQHandler                 0x0800015f   Thumb Code     0  startup_stm32f10x_hd.o(.text)
    DMA2_Channel3_IRQHandler                 0x0800015f   Thumb Code     0  startup_stm32f10x_hd.o(.text)
    DMA2_Channel4_5_IRQHandler               0x0800015f   Thumb Code     0  startup_stm32f10x_hd.o(.text)
    EXTI0_IRQHandler                         0x0800015f   Thumb Code     0  startup_stm32f10x_hd.o(.text)
    EXTI15_10_IRQHandler                     0x0800015f   Thumb Code     0  startup_stm32f10x_hd.o(.text)
    EXTI1_IRQHandler                         0x0800015f   Thumb Code     0  startup_stm32f10x_hd.o(.text)
    EXTI2_IRQHandler                         0x0800015f   Thumb Code     0  startup_stm32f10x_hd.o(.text)
    EXTI3_IRQHandler                         0x0800015f   Thumb Code     0  startup_stm32f10x_hd.o(.text)
    EXTI4_IRQHandler                         0x0800015f   Thumb Code     0  startup_stm32f10x_hd.o(.text)
    EXTI9_5_IRQHandler                       0x0800015f   Thumb Code     0  startup_stm32f10x_hd.o(.text)
    FLASH_IRQHandler                         0x0800015f   Thumb Code     0  startup_stm32f10x_hd.o(.text)
    FSMC_IRQHandler                          0x0800015f   Thumb Code     0  startup_stm32f10x_hd.o(.text)
    I2C1_ER_IRQHandler                       0x0800015f   Thumb Code     0  startup_stm32f10x_hd.o(.text)
    I2C1_EV_IRQHandler                       0x0800015f   Thumb Code     0  startup_stm32f10x_hd.o(.text)
    I2C2_ER_IRQHandler                       0x0800015f   Thumb Code     0  startup_stm32f10x_hd.o(.text)
    I2C2_EV_IRQHandler                       0x0800015f   Thumb Code     0  startup_stm32f10x_hd.o(.text)
    PVD_IRQHandler                           0x0800015f   Thumb Code     0  startup_stm32f10x_hd.o(.text)
    RCC_IRQHandler                           0x0800015f   Thumb Code     0  startup_stm32f10x_hd.o(.text)
    RTCAlarm_IRQHandler                      0x0800015f   Thumb Code     0  startup_stm32f10x_hd.o(.text)
    RTC_IRQHandler                           0x0800015f   Thumb Code     0  startup_stm32f10x_hd.o(.text)
    SDIO_IRQHandler                          0x0800015f   Thumb Code     0  startup_stm32f10x_hd.o(.text)
    SPI1_IRQHandler                          0x0800015f   Thumb Code     0  startup_stm32f10x_hd.o(.text)
    SPI2_IRQHandler                          0x0800015f   Thumb Code     0  startup_stm32f10x_hd.o(.text)
    SPI3_IRQHandler                          0x0800015f   Thumb Code     0  startup_stm32f10x_hd.o(.text)
    TAMPER_IRQHandler                        0x0800015f   Thumb Code     0  startup_stm32f10x_hd.o(.text)
    TIM1_BRK_IRQHandler                      0x0800015f   Thumb Code     0  startup_stm32f10x_hd.o(.text)
    TIM1_CC_IRQHandler                       0x0800015f   Thumb Code     0  startup_stm32f10x_hd.o(.text)
    TIM1_TRG_COM_IRQHandler                  0x0800015f   Thumb Code     0  startup_stm32f10x_hd.o(.text)
    TIM1_UP_IRQHandler                       0x0800015f   Thumb Code     0  startup_stm32f10x_hd.o(.text)
    TIM2_IRQHandler                          0x0800015f   Thumb Code     0  startup_stm32f10x_hd.o(.text)
    TIM4_IRQHandler                          0x0800015f   Thumb Code     0  startup_stm32f10x_hd.o(.text)
    TIM5_IRQHandler                          0x0800015f   Thumb Code     0  startup_stm32f10x_hd.o(.text)
    TIM6_IRQHandler                          0x0800015f   Thumb Code     0  startup_stm32f10x_hd.o(.text)
    TIM7_IRQHandler                          0x0800015f   Thumb Code     0  startup_stm32f10x_hd.o(.text)
    TIM8_BRK_IRQHandler                      0x0800015f   Thumb Code     0  startup_stm32f10x_hd.o(.text)
    TIM8_CC_IRQHandler                       0x0800015f   Thumb Code     0  startup_stm32f10x_hd.o(.text)
    TIM8_TRG_COM_IRQHandler                  0x0800015f   Thumb Code     0  startup_stm32f10x_hd.o(.text)
    TIM8_UP_IRQHandler                       0x0800015f   Thumb Code     0  startup_stm32f10x_hd.o(.text)
    UART4_IRQHandler                         0x0800015f   Thumb Code     0  startup_stm32f10x_hd.o(.text)
    UART5_IRQHandler                         0x0800015f   Thumb Code     0  startup_stm32f10x_hd.o(.text)
    USART3_IRQHandler                        0x0800015f   Thumb Code     0  startup_stm32f10x_hd.o(.text)
    USBWakeUp_IRQHandler                     0x0800015f   Thumb Code     0  startup_stm32f10x_hd.o(.text)
    USB_HP_CAN1_TX_IRQHandler                0x0800015f   Thumb Code     0  startup_stm32f10x_hd.o(.text)
    USB_LP_CAN1_RX0_IRQHandler               0x0800015f   Thumb Code     0  startup_stm32f10x_hd.o(.text)
    WWDG_IRQHandler                          0x0800015f   Thumb Code     0  startup_stm32f10x_hd.o(.text)
    strstr                                   0x08000169   Thumb Code    44  strstr.o(.text)
    __aeabi_fadd                             0x08000195   Thumb Code   164  fadd.o(.text)
    __aeabi_fsub                             0x08000239   Thumb Code     6  fadd.o(.text)
    __aeabi_frsub                            0x0800023f   Thumb Code     6  fadd.o(.text)
    __aeabi_ui2f                             0x08000245   Thumb Code    10  ffltui.o(.text)
    __aeabi_uidiv                            0x0800024f   Thumb Code     0  uidiv.o(.text)
    __aeabi_uidivmod                         0x0800024f   Thumb Code    44  uidiv.o(.text)
    __I$use$fp                               0x0800027b   Thumb Code     0  iusefp.o(.text)
    _float_round                             0x0800027b   Thumb Code    18  fepilogue.o(.text)
    _float_epilogue                          0x0800028d   Thumb Code    90  fepilogue.o(.text)
    __scatterload                            0x080002e9   Thumb Code    28  init.o(.text)
    __scatterload_rt2                        0x080002e9   Thumb Code     0  init.o(.text)
    BSP_Init                                 0x0800030d   Thumb Code    22  bsp.o(i.BSP_Init)
    Car_GetRunDistance                       0x08000325   Thumb Code     8  car.o(i.Car_GetRunDistance)
    Car_Go                                   0x08000331   Thumb Code    44  car.o(i.Car_Go)
    Car_Init                                 0x08000361   Thumb Code   166  car.o(i.Car_Init)
    Car_Move                                 0x08000411   Thumb Code    46  car.o(i.Car_Move)
    Car_Stop                                 0x08000449   Thumb Code    36  car.o(i.Car_Stop)
    FLASH_PrefetchBufferCmd                  0x08000471   Thumb Code    18  stm32f10x_flash.o(i.FLASH_PrefetchBufferCmd)
    FLASH_SetLatency                         0x08000489   Thumb Code    14  stm32f10x_flash.o(i.FLASH_SetLatency)
    GPIO_Init                                0x0800049d   Thumb Code   164  stm32f10x_gpio.o(i.GPIO_Init)
    GPIO_ReadInputDataBit                    0x08000541   Thumb Code    14  stm32f10x_gpio.o(i.GPIO_ReadInputDataBit)
    GPIO_ResetBits                           0x0800054f   Thumb Code     4  stm32f10x_gpio.o(i.GPIO_ResetBits)
    GPIO_SetBits                             0x08000553   Thumb Code     4  stm32f10x_gpio.o(i.GPIO_SetBits)
    NVIC_Init                                0x08000559   Thumb Code    90  misc.o(i.NVIC_Init)
    PID_ParameterInit                        0x080005bd   Thumb Code    24  pid.o(i.PID_ParameterInit)
    Parameter_Init                           0x080005dd   Thumb Code   124  car.o(i.Parameter_Init)
    RCC_APB1PeriphClockCmd                   0x08000661   Thumb Code    18  stm32f10x_rcc.o(i.RCC_APB1PeriphClockCmd)
    RCC_APB2PeriphClockCmd                   0x08000679   Thumb Code    18  stm32f10x_rcc.o(i.RCC_APB2PeriphClockCmd)
    RCC_Configuration                        0x08000691   Thumb Code    98  bsp.o(i.RCC_Configuration)
    RCC_DeInit                               0x080006f5   Thumb Code    50  stm32f10x_rcc.o(i.RCC_DeInit)
    RCC_GetClocksFreq                        0x08000735   Thumb Code   138  stm32f10x_rcc.o(i.RCC_GetClocksFreq)
    RCC_GetFlagStatus                        0x080007d1   Thumb Code    44  stm32f10x_rcc.o(i.RCC_GetFlagStatus)
    RCC_GetSYSCLKSource                      0x08000801   Thumb Code    10  stm32f10x_rcc.o(i.RCC_GetSYSCLKSource)
    RCC_HCLKConfig                           0x08000811   Thumb Code    14  stm32f10x_rcc.o(i.RCC_HCLKConfig)
    RCC_HSEConfig                            0x08000825   Thumb Code    48  stm32f10x_rcc.o(i.RCC_HSEConfig)
    RCC_PCLK1Config                          0x08000859   Thumb Code    14  stm32f10x_rcc.o(i.RCC_PCLK1Config)
    RCC_PCLK2Config                          0x0800086d   Thumb Code    16  stm32f10x_rcc.o(i.RCC_PCLK2Config)
    RCC_PLLCmd                               0x08000881   Thumb Code     6  stm32f10x_rcc.o(i.RCC_PLLCmd)
    RCC_PLLConfig                            0x0800088d   Thumb Code    16  stm32f10x_rcc.o(i.RCC_PLLConfig)
    RCC_SYSCLKConfig                         0x080008a1   Thumb Code    14  stm32f10x_rcc.o(i.RCC_SYSCLKConfig)
    RCC_WaitForHSEStartUp                    0x080008b5   Thumb Code    38  stm32f10x_rcc.o(i.RCC_WaitForHSEStartUp)
    Run_GivenDistance                        0x080008dd   Thumb Code    44  carcontrol.o(i.Run_GivenDistance)
    SysTick_Init                             0x080009a5   Thumb Code    26  systick.o(i.SysTick_Init)
    SystemInit                               0x080009c5   Thumb Code    64  system_stm32f10x.o(i.SystemInit)
    TIM3_IRQHandler                          0x08000a15   Thumb Code   142  car.o(i.TIM3_IRQHandler)
    TIM_ClearITPendingBit                    0x08000af1   Thumb Code     6  stm32f10x_tim.o(i.TIM_ClearITPendingBit)
    TIM_Cmd                                  0x08000af7   Thumb Code    20  stm32f10x_tim.o(i.TIM_Cmd)
    TIM_GetITStatus                          0x08000b0b   Thumb Code    22  stm32f10x_tim.o(i.TIM_GetITStatus)
    TIM_ITConfig                             0x08000b21   Thumb Code    16  stm32f10x_tim.o(i.TIM_ITConfig)
    TIM_TimeBaseInit                         0x08000b31   Thumb Code   114  stm32f10x_tim.o(i.TIM_TimeBaseInit)
    USART1_Config                            0x08000bcd   Thumb Code   148  usart.o(i.USART1_Config)
    USART1_IRQHandler                        0x08000c69   Thumb Code   174  usart.o(i.USART1_IRQHandler)
    USART2_IRQHandler                        0x08000d51   Thumb Code    78  usart.o(i.USART2_IRQHandler)
    USART_ClearFlag                          0x08000dad   Thumb Code     6  stm32f10x_usart.o(i.USART_ClearFlag)
    USART_ClearITPendingBit                  0x08000db3   Thumb Code    12  stm32f10x_usart.o(i.USART_ClearITPendingBit)
    USART_Cmd                                0x08000dbf   Thumb Code    20  stm32f10x_usart.o(i.USART_Cmd)
    USART_GetITStatus                        0x08000dd3   Thumb Code    62  stm32f10x_usart.o(i.USART_GetITStatus)
    USART_ITConfig                           0x08000e11   Thumb Code    48  stm32f10x_usart.o(i.USART_ITConfig)
    USART_Init                               0x08000e41   Thumb Code   176  stm32f10x_usart.o(i.USART_Init)
    USART_ReceiveData                        0x08000ef5   Thumb Code     8  stm32f10x_usart.o(i.USART_ReceiveData)
    USART_SendData                           0x08000efd   Thumb Code     8  stm32f10x_usart.o(i.USART_SendData)
    Wheel_Hall_CaculateSpeed                 0x08000f05   Thumb Code    66  car.o(i.Wheel_Hall_CaculateSpeed)
    Wheel_Hall_IO_Check                      0x08000f61   Thumb Code    32  car.o(i.Wheel_Hall_IO_Check)
    Wheel_PWMEmulate                         0x08000f85   Thumb Code    68  car.o(i.Wheel_PWMEmulate)
    Wheel_ParameterInit                      0x08000fc9   Thumb Code    46  car.o(i.Wheel_ParameterInit)
    Wheel_SetDirection                       0x08000ff7   Thumb Code    46  car.o(i.Wheel_SetDirection)
    __0printf$1                              0x08001025   Thumb Code    22  printf1.o(i.__0printf$1)
    __1printf$1                              0x08001025   Thumb Code     0  printf1.o(i.__0printf$1)
    __2printf                                0x08001025   Thumb Code     0  printf1.o(i.__0printf$1)
    __scatterload_copy                       0x08001045   Thumb Code    14  handlers.o(i.__scatterload_copy)
    __scatterload_null                       0x08001053   Thumb Code     2  handlers.o(i.__scatterload_null)
    __scatterload_zeroinit                   0x08001055   Thumb Code    14  handlers.o(i.__scatterload_zeroinit)
    delay1ms                                 0x080011b5   Thumb Code    36  systick.o(i.delay1ms)
    delay1s                                  0x080011dd   Thumb Code    26  systick.o(i.delay1s)
    fputc                                    0x080011f9   Thumb Code    24  usart.o(i.fputc)
    main                                     0x08001215   Thumb Code    12  main.o(i.main)
    Region$$Table$$Base                      0x08001224   Number         0  anon$$obj.o(Region$$Table)
    Region$$Table$$Limit                     0x08001244   Number         0  anon$$obj.o(Region$$Table)
    tick_1ms                                 0x20000000   Data           1  car.o(.data)
    pid_1ms                                  0x20000002   Data           2  car.o(.data)
    len                                      0x20000008   Data           1  usart.o(.data)
    rev_ok                                   0x20000009   Data           1  usart.o(.data)
    start_flag                               0x2000000a   Data           1  usart.o(.data)
    __stdout                                 0x20000020   Data           4  stdout.o(.data)
    car                                      0x20000024   Data         272  car.o(.bss)
    strCMD_Fram_Record                       0x20000134   Data        1026  usart.o(.bss)
    t                                        0x20000536   Data           9  usart.o(.bss)
    __initial_sp                             0x20000940   Data           0  startup_stm32f10x_hd.o(STACK)



==============================================================================

Memory Map of the image

  Image Entry point : 0x08000131

  Load Region LR_IROM1 (Base: 0x08000000, Size: 0x00001268, Max: 0x00080000, ABSOLUTE)

    Execution Region ER_IROM1 (Base: 0x08000000, Size: 0x00001244, Max: 0x00080000, ABSOLUTE)

    Base Addr    Size         Type   Attr      Idx    E Section Name        Object

    0x08000000   0x00000130   Data   RO         3389    RESET               startup_stm32f10x_hd.o
    0x08000130   0x00000000   Code   RO         3405  * .ARM.Collect$$$$00000000  mc_w.l(entry.o)
    0x08000130   0x00000004   Code   RO         3679    .ARM.Collect$$$$00000001  mc_w.l(entry2.o)
    0x08000134   0x00000004   Code   RO         3682    .ARM.Collect$$$$00000004  mc_w.l(entry5.o)
    0x08000138   0x00000000   Code   RO         3684    .ARM.Collect$$$$00000008  mc_w.l(entry7b.o)
    0x08000138   0x00000008   Code   RO         3685    .ARM.Collect$$$$00000009  mc_w.l(entry8.o)
    0x08000140   0x00000004   Code   RO         3680    .ARM.Collect$$$$00002712  mc_w.l(entry2.o)
    0x08000144   0x00000024   Code   RO         3390    .text               startup_stm32f10x_hd.o
    0x08000168   0x0000002c   Code   RO         3408    .text               mc_w.l(strstr.o)
    0x08000194   0x000000b0   Code   RO         3671    .text               mf_w.l(fadd.o)
    0x08000244   0x0000000a   Code   RO         3677    .text               mf_w.l(ffltui.o)
    0x0800024e   0x0000002c   Code   RO         3687    .text               mc_w.l(uidiv.o)
    0x0800027a   0x00000000   Code   RO         3691    .text               mc_w.l(iusefp.o)
    0x0800027a   0x0000006c   Code   RO         3692    .text               mf_w.l(fepilogue.o)
    0x080002e6   0x00000002   PAD
    0x080002e8   0x00000024   Code   RO         3704    .text               mc_w.l(init.o)
    0x0800030c   0x00000016   Code   RO          243    i.BSP_Init          bsp.o
    0x08000322   0x00000002   PAD
    0x08000324   0x0000000c   Code   RO          128    i.Car_GetRunDistance  car.o
    0x08000330   0x00000030   Code   RO          129    i.Car_Go            car.o
    0x08000360   0x000000b0   Code   RO          130    i.Car_Init          car.o
    0x08000410   0x00000038   Code   RO          132    i.Car_Move          car.o
    0x08000448   0x00000028   Code   RO          134    i.Car_Stop          car.o
    0x08000470   0x00000018   Code   RO         1277    i.FLASH_PrefetchBufferCmd  stm32f10x_flash.o
    0x08000488   0x00000014   Code   RO         1282    i.FLASH_SetLatency  stm32f10x_flash.o
    0x0800049c   0x000000a4   Code   RO         1558    i.GPIO_Init         stm32f10x_gpio.o
    0x08000540   0x0000000e   Code   RO         1562    i.GPIO_ReadInputDataBit  stm32f10x_gpio.o
    0x0800054e   0x00000004   Code   RO         1565    i.GPIO_ResetBits    stm32f10x_gpio.o
    0x08000552   0x00000004   Code   RO         1566    i.GPIO_SetBits      stm32f10x_gpio.o
    0x08000556   0x00000002   PAD
    0x08000558   0x00000064   Code   RO          409    i.NVIC_Init         misc.o
    0x080005bc   0x00000020   Code   RO          317    i.PID_ParameterInit  pid.o
    0x080005dc   0x00000084   Code   RO          135    i.Parameter_Init    car.o
    0x08000660   0x00000018   Code   RO         1974    i.RCC_APB1PeriphClockCmd  stm32f10x_rcc.o
    0x08000678   0x00000018   Code   RO         1976    i.RCC_APB2PeriphClockCmd  stm32f10x_rcc.o
    0x08000690   0x00000062   Code   RO          244    i.RCC_Configuration  bsp.o
    0x080006f2   0x00000002   PAD
    0x080006f4   0x00000040   Code   RO         1983    i.RCC_DeInit        stm32f10x_rcc.o
    0x08000734   0x0000009c   Code   RO         1984    i.RCC_GetClocksFreq  stm32f10x_rcc.o
    0x080007d0   0x00000030   Code   RO         1985    i.RCC_GetFlagStatus  stm32f10x_rcc.o
    0x08000800   0x00000010   Code   RO         1987    i.RCC_GetSYSCLKSource  stm32f10x_rcc.o
    0x08000810   0x00000014   Code   RO         1988    i.RCC_HCLKConfig    stm32f10x_rcc.o
    0x08000824   0x00000034   Code   RO         1989    i.RCC_HSEConfig     stm32f10x_rcc.o
    0x08000858   0x00000014   Code   RO         1995    i.RCC_PCLK1Config   stm32f10x_rcc.o
    0x0800086c   0x00000014   Code   RO         1996    i.RCC_PCLK2Config   stm32f10x_rcc.o
    0x08000880   0x0000000c   Code   RO         1997    i.RCC_PLLCmd        stm32f10x_rcc.o
    0x0800088c   0x00000014   Code   RO         1998    i.RCC_PLLConfig     stm32f10x_rcc.o
    0x080008a0   0x00000014   Code   RO         2001    i.RCC_SYSCLKConfig  stm32f10x_rcc.o
    0x080008b4   0x00000026   Code   RO         2003    i.RCC_WaitForHSEStartUp  stm32f10x_rcc.o
    0x080008da   0x00000002   PAD
    0x080008dc   0x00000034   Code   RO          297    i.Run_GivenDistance  carcontrol.o
    0x08000910   0x00000094   Code   RO         3358    i.SetSysClockTo72   system_stm32f10x.o
    0x080009a4   0x00000020   Code   RO          264    i.SysTick_Init      systick.o
    0x080009c4   0x00000050   Code   RO         3360    i.SystemInit        system_stm32f10x.o
    0x08000a14   0x000000dc   Code   RO          136    i.TIM3_IRQHandler   car.o
    0x08000af0   0x00000006   Code   RO         2600    i.TIM_ClearITPendingBit  stm32f10x_tim.o
    0x08000af6   0x00000014   Code   RO         2605    i.TIM_Cmd           stm32f10x_tim.o
    0x08000b0a   0x00000016   Code   RO         2626    i.TIM_GetITStatus   stm32f10x_tim.o
    0x08000b20   0x00000010   Code   RO         2630    i.TIM_ITConfig      stm32f10x_tim.o
    0x08000b30   0x0000009c   Code   RO         2676    i.TIM_TimeBaseInit  stm32f10x_tim.o
    0x08000bcc   0x0000009c   Code   RO          336    i.USART1_Config     usart.o
    0x08000c68   0x000000e8   Code   RO          337    i.USART1_IRQHandler  usart.o
    0x08000d50   0x0000005c   Code   RO          341    i.USART2_IRQHandler  usart.o
    0x08000dac   0x00000006   Code   RO         3124    i.USART_ClearFlag   stm32f10x_usart.o
    0x08000db2   0x0000000c   Code   RO         3125    i.USART_ClearITPendingBit  stm32f10x_usart.o
    0x08000dbe   0x00000014   Code   RO         3128    i.USART_Cmd         stm32f10x_usart.o
    0x08000dd2   0x0000003e   Code   RO         3132    i.USART_GetITStatus  stm32f10x_usart.o
    0x08000e10   0x00000030   Code   RO         3134    i.USART_ITConfig    stm32f10x_usart.o
    0x08000e40   0x000000b4   Code   RO         3135    i.USART_Init        stm32f10x_usart.o
    0x08000ef4   0x00000008   Code   RO         3142    i.USART_ReceiveData  stm32f10x_usart.o
    0x08000efc   0x00000008   Code   RO         3145    i.USART_SendData    stm32f10x_usart.o
    0x08000f04   0x0000005c   Code   RO          137    i.Wheel_Hall_CaculateSpeed  car.o
    0x08000f60   0x00000024   Code   RO          138    i.Wheel_Hall_IO_Check  car.o
    0x08000f84   0x00000044   Code   RO          139    i.Wheel_PWMEmulate  car.o
    0x08000fc8   0x0000002e   Code   RO          140    i.Wheel_ParameterInit  car.o
    0x08000ff6   0x0000002e   Code   RO          141    i.Wheel_SetDirection  car.o
    0x08001024   0x00000020   Code   RO         3455    i.__0printf$1       mc_w.l(printf1.o)
    0x08001044   0x0000000e   Code   RO         3716    i.__scatterload_copy  mc_w.l(handlers.o)
    0x08001052   0x00000002   Code   RO         3717    i.__scatterload_null  mc_w.l(handlers.o)
    0x08001054   0x0000000e   Code   RO         3718    i.__scatterload_zeroinit  mc_w.l(handlers.o)
    0x08001062   0x00000002   PAD
    0x08001064   0x00000150   Code   RO         3462    i._printf_core      mc_w.l(printf1.o)
    0x080011b4   0x00000028   Code   RO          265    i.delay1ms          systick.o
    0x080011dc   0x0000001a   Code   RO          266    i.delay1s           systick.o
    0x080011f6   0x00000002   PAD
    0x080011f8   0x0000001c   Code   RO          343    i.fputc             usart.o
    0x08001214   0x00000010   Code   RO            1    i.main              main.o
    0x08001224   0x00000020   Data   RO         3714    Region$$Table       anon$$obj.o


    Execution Region RW_IRAM1 (Base: 0x20000000, Size: 0x00000940, Max: 0x00010000, ABSOLUTE)

    Base Addr    Size         Type   Attr      Idx    E Section Name        Object

    0x20000000   0x00000004   Data   RW          146    .data               car.o
    0x20000004   0x00000004   Data   RW          268    .data               systick.o
    0x20000008   0x00000003   Data   RW          345    .data               usart.o
    0x2000000b   0x00000014   Data   RW         2004    .data               stm32f10x_rcc.o
    0x2000001f   0x00000001   PAD
    0x20000020   0x00000004   Data   RW         3686    .data               mc_w.l(stdout.o)
    0x20000024   0x00000110   Zero   RW          145    .bss                car.o
    0x20000134   0x0000040b   Zero   RW          344    .bss                usart.o
    0x2000053f   0x00000001   PAD
    0x20000540   0x00000400   Zero   RW         3387    STACK               startup_stm32f10x_hd.o


==============================================================================

Image component sizes


      Code (inc. data)   RO Data    RW Data    ZI Data      Debug   Object Name

       120          0          0          0          0        855   bsp.o
       972        148          0          4        272       6758   car.o
        52          8          0          0          0        528   carcontrol.o
        16          4          0          0          0     254894   main.o
       100         10          0          0          0        900   misc.o
        32          8          0          0          0        688   pid.o
        36          8        304          0       1024        804   startup_stm32f10x_hd.o
        44         12          0          0          0        977   stm32f10x_flash.o
       186          0          0          0          0       3324   stm32f10x_gpio.o
       534         90          0         20          0       9730   stm32f10x_rcc.o
       220         42          0          0          0       4161   stm32f10x_tim.o
       344          4          0          0          0       6323   stm32f10x_usart.o
       228         26          0          0          0       1509   system_stm32f10x.o
        98         10          0          4          0       1396   systick.o
       508         84          0          3       1035       4382   usart.o

    ----------------------------------------------------------------------
      3500        454        336         32       2332     297229   Object Totals
         0          0         32          0          0          0   (incl. Generated)
        10          0          0          1          1          0   (incl. Padding)

    ----------------------------------------------------------------------

      Code (inc. data)   RO Data    RW Data    ZI Data      Debug   Library Member Name

         0          0          0          0          0          0   entry.o
         8          4          0          0          0          0   entry2.o
         4          0          0          0          0          0   entry5.o
         0          0          0          0          0          0   entry7b.o
         8          4          0          0          0          0   entry8.o
        30          0          0          0          0          0   handlers.o
        36          8          0          0          0         68   init.o
         0          0          0          0          0          0   iusefp.o
       368         14          0          0          0        180   printf1.o
         0          0          0          4          0          0   stdout.o
        44          0          0          0          0         80   strstr.o
        44          0          0          0          0         80   uidiv.o
       176          0          0          0          0        140   fadd.o
       108          0          0          0          0        168   fepilogue.o
        10          0          0          0          0         68   ffltui.o

    ----------------------------------------------------------------------
       840         30          0          4          0        784   Library Totals
         4          0          0          0          0          0   (incl. Padding)

    ----------------------------------------------------------------------

      Code (inc. data)   RO Data    RW Data    ZI Data      Debug   Library Name

       542         30          0          4          0        408   mc_w.l
       294          0          0          0          0        376   mf_w.l

    ----------------------------------------------------------------------
       840         30          0          4          0        784   Library Totals

    ----------------------------------------------------------------------

==============================================================================


      Code (inc. data)   RO Data    RW Data    ZI Data      Debug   

      4340        484        336         36       2332     294685   Grand Totals
      4340        484        336         36       2332     294685   ELF Image Totals
      4340        484        336         36          0          0   ROM Totals

==============================================================================

    Total RO  Size (Code + RO Data)                 4676 (   4.57kB)
    Total RW  Size (RW Data + ZI Data)              2368 (   2.31kB)
    Total ROM Size (Code + RO Data + RW Data)       4712 (   4.60kB)

==============================================================================

